N:\Linux ot\work_8_systemd>vagrant up
==> vagrant: A new version of Vagrant is available: 2.3.0 (installed version: 2.2.19)!
==> vagrant: To upgrade visit: https://www.vagrantup.com/downloads.html

Bringing machine 'default' up with 'virtualbox' provider...
==> default: Importing base box 'katt/centos-7-5'...
==> default: Matching MAC address for NAT networking...
==> default: Checking if box 'katt/centos-7-5' version '1.0' is up to date...
==> default: There was a problem while downloading the metadata for your box
==> default: to check for updates. This is not an error, since it is usually due
==> default: to temporary network problems. This is just a warning. The problem
==> default: encountered was:
==> default:
==> default: The requested URL returned error: 404
==> default:
==> default: If you want to check for box updates, verify your network connection
==> default: is valid and try again.
==> default: Setting the name of the VM: work_8_systemd_default_1662517384043_98681
==> default: Clearing any previously set network interfaces...
==> default: Preparing network interfaces based on configuration...
    default: Adapter 1: nat
==> default: Forwarding ports...
    default: 22 (guest) => 2222 (host) (adapter 1)
==> default: Booting VM...
==> default: Waiting for machine to boot. This may take a few minutes...
    default: SSH address: 127.0.0.1:2222
    default: SSH username: vagrant
    default: SSH auth method: private key
    default:
    default: Vagrant insecure key detected. Vagrant will automatically replace
    default: this with a newly generated keypair for better security.
    default:
    default: Inserting generated public key within guest...
    default: Removing insecure key from the guest if it's present...
    default: Key inserted! Disconnecting and reconnecting using new SSH key...
==> default: Machine booted and ready!
==> default: Checking for guest additions in VM...
    default: No guest additions were detected on the base box for this VM! Guest
    default: additions are required for forwarded ports, shared folders, host only
    default: networking, and more. If SSH fails on this machine, please install
    default: the guest additions and repackage the box to continue.
    default:
    default: This is not an error message; everything may continue to work properly,
    default: in which case you may ignore this message.
==> default: Mounting shared folders...
    default: /vagrant => N:/Linux ot/work_8_systemd
Vagrant was unable to mount VirtualBox shared folders. This is usually
because the filesystem "vboxsf" is not available. This filesystem is
made available via the VirtualBox Guest Additions and kernel module.
Please verify that these guest additions are properly installed in the
guest. This is not a bug in Vagrant and is usually caused by a faulty
Vagrant box. For context, the command attempted was:

mount -t vboxsf -o uid=1000,gid=1000,_netdev vagrant /vagrant

The error output from the command was:

mount: unknown filesystem type 'vboxsf'

N:\Linux ot\work_8_systemd>vagrant ssh
Last login: Sat May 14 14:57:27 2022 from gateway
[vagrant@localhost ~]$ cd /etc/sys
sysconfig/          sysctl.d/           system-release
sysctl.conf         systemd/            system-release-cpe
[vagrant@localhost ~]$ cd /etc/sysconfig/
[vagrant@localhost sysconfig]$ echo "Congiguration file for my watchdog service">watchlog.cfg
-bash: watchlog.cfg: Permission denied
[vagrant@localhost sysconfig]$ ls /etc/sysconfig/
anaconda    console          firewalld         iptables-config  man-db      network-scripts  run-parts
authconfig  cpupower         grub              irqbalance       modules     rdisc            selinux
cbq         crond            init              kdump            netconsole  readonly-root    sshd
chronyd     ebtables-config  ip6tables-config  kernel           network     rsyslog          wpa_supplicant
[vagrant@localhost sysconfig]$ sudo su
[root@localhost sysconfig]# echo "Congiguration file for my watchdog service">watchlog.cfg
[root@localhost sysconfig]# ls
anaconda    cpupower         init              kernel      network-scripts  selinux
authconfig  crond            ip6tables-config  man-db      rdisc            sshd
cbq         ebtables-config  iptables-config   modules     readonly-root    watchlog.cfg
chronyd     firewalld        irqbalance        netconsole  rsyslog          wpa_supplicant
console     grub             kdump             network     run-parts
[root@localhost sysconfig]# vi watchlog.cfg
[root@localhost sysconfig]# touch /var/log/watchlog.log
[root@localhost sysconfig]# vi /var/log/watchlog.log
[root@localhost sysconfig]# [root@localhost sysconfig]# vi /opt/watchlog.sh
[root@localhost sysconfig]# vi /etc/systemd/system/watchlog.service
[root@localhost sysconfig]# vi /etc/systemd/system/watchlog.timer
[root@localhost sysconfig]# dd
^C0+0 records in
0+0 records out
0 bytes (0 B) copied, 15.2332 s, 0.0 kB/s

[root@localhost sysconfig]# systemctl start watchlog.timer
[root@localhost sysconfig]# systemctl status watchlog.timer
● watchlog.timer
   Loaded: loaded (/etc/systemd/system/watchlog.timer; disabled; vendor preset: disabled)
   Active: active (elapsed) since Wed 2022-09-07 07:41:51 UTC; 8s ago

Sep 07 07:41:51 localhost.localdomain systemd[1]: Started watchlog.timer.
[root@localhost sysconfig]# systemctl status watchlog.service
● watchlog.service - My watchlog service
   Loaded: loaded (/etc/systemd/system/watchlog.service; static; vendor preset: disabled)
   Active: inactive (dead)
[root@localhost sysconfig]# systemctl start watchlog.service
Job for watchlog.service failed because the control process exited with error code. See "systemctl status watchlog.service" and "journalctl -xe" for details.
[root@localhost sysconfig]# vi /etc/systemd/system/watchlog.service
[root@localhost sysconfig]# systemctl start watchlog.service
Warning: watchlog.service changed on disk. Run 'systemctl daemon-reload' to reload units.
Job for watchlog.service failed because the control process exited with error code. See "systemctl status watchlog.service" and "journalctl -xe" for details.
[root@localhost sysconfig]# systemctl daemon-reload
[root@localhost sysconfig]# systemctl start watchlog.service
Job for watchlog.service failed because a configured resource limit was exceeded. See "systemctl status watchlog.service" and "journalctl -xe" for details.
[root@localhost sysconfig]# chmod +x /opt/service
chmod: cannot access ‘/opt/service’: No such file or directory
[root@localhost sysconfig]# chmod +x /opt/watchlog.sh
[root@localhost sysconfig]# ls /opt/watchlog.sh
/opt/watchlog.sh
[root@localhost sysconfig]# ls /opt/
watchlog.sh
[root@localhost sysconfig]# systemctl start watchlog.service
Job for watchlog.service failed because a configured resource limit was exceeded. See "systemctl status watchlog.service" and "journalctl -xe" for details.
[root@localhost sysconfig]# tail -f /var/log/messages
Sep  7 07:47:00 localhost systemd: Failed to start My watchlog service.
Sep  7 07:47:00 localhost systemd: watchlog.service failed.
Sep  7 07:47:26 localhost systemd: Failed to load environment files: No such file or directory
Sep  7 07:47:26 localhost systemd: watchlog.service failed to run 'start' task: No such file or directory
Sep  7 07:47:26 localhost systemd: Failed to start My watchlog service.
Sep  7 07:47:26 localhost systemd: watchlog.service failed.
Sep  7 07:48:00 localhost systemd: Failed to load environment files: No such file or directory
Sep  7 07:48:00 localhost systemd: watchlog.service failed to run 'start' task: No such file or directory
Sep  7 07:48:00 localhost systemd: Failed to start My watchlog service.
Sep  7 07:48:00 localhost systemd: watchlog.service failed.
^C
[root@localhost sysconfig]# mv /etc/sysconfig/watchlog.cfg /etc/sysconfig/watchlog
[root@localhost sysconfig]# vi /etc/systemd/system/watchlog.service
[root@localhost sysconfig]# systemctl start watchlog.service
[root@localhost sysconfig]# systemctl status watchlog.service
● watchlog.service - My watchlog service
   Loaded: loaded (/etc/systemd/system/watchlog.service; static; vendor preset: disabled)
   Active: inactive (dead) since Wed 2022-09-07 07:54:03 UTC; 18s ago
  Process: 9808 ExecStart=/opt/watchlog.sh $WORD $LOG (code=exited, status=0/SUCCESS)
 Main PID: 9808 (code=exited, status=0/SUCCESS)

Sep 07 07:54:03 localhost.localdomain systemd[1]: Starting My watchlog service...
Sep 07 07:54:03 localhost.localdomain systemd[1]: Started My watchlog service.
[root@localhost sysconfig]# tail -f /var/log/messages
Sep  7 07:52:00 localhost systemd: watchlog.service failed.
Sep  7 07:53:00 localhost systemd: Starting My watchlog service...
Sep  7 07:53:00 localhost root: date: I found word, Master!
Sep  7 07:53:00 localhost systemd: Started My watchlog service.
Sep  7 07:54:00 localhost systemd: Starting My watchlog service...
Sep  7 07:54:00 localhost root: date: I found word, Master!
Sep  7 07:54:00 localhost systemd: Started My watchlog service.
Sep  7 07:54:03 localhost systemd: Starting My watchlog service...
Sep  7 07:54:03 localhost root: date: I found word, Master!
Sep  7 07:54:03 localhost systemd: Started My watchlog service.
^C
[root@localhost sysconfig]# cat /var/lo
local/ lock/  log/
[root@localhost sysconfig]# cat /var/lo
local/ lock/  log/
[root@localhost sysconfig]# cat /var/log/watchlog.log
#Words for monitoring
home
keys
car
ALERT
single
cat
[root@localhost sysconfig]# tail -f /var/log/messages
Sep  7 07:54:00 localhost systemd: Started My watchlog service.
Sep  7 07:54:03 localhost systemd: Starting My watchlog service...
Sep  7 07:54:03 localhost root: date: I found word, Master!
Sep  7 07:54:03 localhost systemd: Started My watchlog service.
Sep  7 07:55:00 localhost systemd: Starting My watchlog service...
Sep  7 07:55:00 localhost root: date: I found word, Master!
Sep  7 07:55:00 localhost systemd: Started My watchlog service.
Sep  7 07:56:00 localhost systemd: Starting My watchlog service...
Sep  7 07:56:00 localhost root: date: I found word, Master!
Sep  7 07:56:00 localhost systemd: Started My watchlog service.
^C
[root@localhost sysconfig]# yum install epel-release -y && yum install spawn-fcgi php php-cli mod fcgid httpd -y
Loaded plugins: fastestmirror
Determining fastest mirrors
 * base: mirror.docker.ru
 * elrepo: mirror.koddos.net
 * extras: mirror.sale-dedic.com
 * updates: mirror.sale-dedic.com
base                                                                                             | 3.6 kB  00:00:00
elrepo                                                                                           | 3.0 kB  00:00:00
extras                                                                                           | 2.9 kB  00:00:00
updates                                                                                          | 2.9 kB  00:00:00
(1/5): base/7/x86_64/group_gz                                                                    | 153 kB  00:00:00
(2/5): extras/7/x86_64/primary_db                                                                | 250 kB  00:00:00
(3/5): elrepo/primary_db                                                                         | 444 kB  00:00:01
(4/5): updates/7/x86_64/primary_db                                                               |  17 MB  00:00:02
(5/5): base/7/x86_64/primary_db                                                                  | 6.1 MB  00:00:03
Resolving Dependencies
--> Running transaction check
---> Package epel-release.noarch 0:7-11 will be installed
--> Finished Dependency Resolution

Dependencies Resolved

======================================================================================================================== Package                          Arch                       Version                   Repository                  Size
========================================================================================================================Installing:
 epel-release                     noarch                     7-11                      extras                      15 k

Transaction Summary
========================================================================================================================Install  1 Package

Total download size: 15 k
Installed size: 24 k
Downloading packages:
epel-release-7-11.noarch.rpm                                                                     |  15 kB  00:00:00
Running transaction check
Running transaction test
Transaction test succeeded
Running transaction
  Installing : epel-release-7-11.noarch                                                                             1/1
  Verifying  : epel-release-7-11.noarch                                                                             1/1

Installed:
  epel-release.noarch 0:7-11

Complete!
Loaded plugins: fastestmirror
Loading mirror speeds from cached hostfile
epel/x86_64/metalink                                                                             |  12 kB  00:00:00
 * base: mirror.docker.ru
 * elrepo: mirror.koddos.net
 * epel: mirror.yandex.ru
 * extras: mirror.sale-dedic.com
 * updates: mirror.sale-dedic.com
epel                                                                                             | 4.7 kB  00:00:00
(1/3): epel/x86_64/group_gz                                                                      |  97 kB  00:00:00
(2/3): epel/x86_64/updateinfo                                                                    | 1.1 MB  00:00:00
(3/3): epel/x86_64/primary_db                                                                    | 7.0 MB  00:00:07
No package mod available.
No package fcgid available.
Resolving Dependencies
--> Running transaction check
---> Package httpd.x86_64 0:2.4.6-97.el7.centos.5 will be installed
--> Processing Dependency: httpd-tools = 2.4.6-97.el7.centos.5 for package: httpd-2.4.6-97.el7.centos.5.x86_64
--> Processing Dependency: /etc/mime.types for package: httpd-2.4.6-97.el7.centos.5.x86_64
--> Processing Dependency: libaprutil-1.so.0()(64bit) for package: httpd-2.4.6-97.el7.centos.5.x86_64
--> Processing Dependency: libapr-1.so.0()(64bit) for package: httpd-2.4.6-97.el7.centos.5.x86_64
---> Package php.x86_64 0:5.4.16-48.el7 will be installed
--> Processing Dependency: php-common(x86-64) = 5.4.16-48.el7 for package: php-5.4.16-48.el7.x86_64
---> Package php-cli.x86_64 0:5.4.16-48.el7 will be installed
---> Package spawn-fcgi.x86_64 0:1.6.3-5.el7 will be installed
--> Running transaction check
---> Package apr.x86_64 0:1.4.8-7.el7 will be installed
---> Package apr-util.x86_64 0:1.5.2-6.el7 will be installed
---> Package httpd-tools.x86_64 0:2.4.6-97.el7.centos.5 will be installed
---> Package mailcap.noarch 0:2.1.41-2.el7 will be installed
---> Package php-common.x86_64 0:5.4.16-48.el7 will be installed
--> Processing Dependency: libzip.so.2()(64bit) for package: php-common-5.4.16-48.el7.x86_64
--> Running transaction check
---> Package libzip.x86_64 0:0.10.1-8.el7 will be installed
--> Finished Dependency Resolution

Dependencies Resolved

======================================================================================================================== Package                     Arch                   Version                               Repository               Size
========================================================================================================================Installing:
 httpd                       x86_64                 2.4.6-97.el7.centos.5                 updates                 2.7 M
 php                         x86_64                 5.4.16-48.el7                         base                    1.4 M
 php-cli                     x86_64                 5.4.16-48.el7                         base                    2.7 M
 spawn-fcgi                  x86_64                 1.6.3-5.el7                           epel                     18 k
Installing for dependencies:
 apr                         x86_64                 1.4.8-7.el7                           base                    104 k
 apr-util                    x86_64                 1.5.2-6.el7                           base                     92 k
 httpd-tools                 x86_64                 2.4.6-97.el7.centos.5                 updates                  94 k
 libzip                      x86_64                 0.10.1-8.el7                          base                     48 k
 mailcap                     noarch                 2.1.41-2.el7                          base                     31 k
 php-common                  x86_64                 5.4.16-48.el7                         base                    565 k

Transaction Summary
========================================================================================================================Install  4 Packages (+6 Dependent packages)

Total download size: 7.7 M
Installed size: 27 M
Downloading packages:
(1/10): apr-1.4.8-7.el7.x86_64.rpm                                                               | 104 kB  00:00:00
(2/10): apr-util-1.5.2-6.el7.x86_64.rpm                                                          |  92 kB  00:00:00
(3/10): httpd-tools-2.4.6-97.el7.centos.5.x86_64.rpm                                             |  94 kB  00:00:00
(4/10): libzip-0.10.1-8.el7.x86_64.rpm                                                           |  48 kB  00:00:00
(5/10): mailcap-2.1.41-2.el7.noarch.rpm                                                          |  31 kB  00:00:00
(6/10): php-5.4.16-48.el7.x86_64.rpm                                                             | 1.4 MB  00:00:00
(7/10): php-common-5.4.16-48.el7.x86_64.rpm                                                      | 565 kB  00:00:00
(8/10): php-cli-5.4.16-48.el7.x86_64.rpm                                                         | 2.7 MB  00:00:01
(9/10): httpd-2.4.6-97.el7.centos.5.x86_64.rpm                                                   | 2.7 MB  00:00:02
warning: /var/cache/yum/x86_64/7/epel/packages/spawn-fcgi-1.6.3-5.el7.x86_64.rpm: Header V3 RSA/SHA256 Signature, key ID 352c64e5: NOKEY
Public key for spawn-fcgi-1.6.3-5.el7.x86_64.rpm is not installed
(10/10): spawn-fcgi-1.6.3-5.el7.x86_64.rpm                                                       |  18 kB  00:00:04
------------------------------------------------------------------------------------------------------------------------Total                                                                                   1.4 MB/s | 7.7 MB  00:00:05
Retrieving key from file:///etc/pki/rpm-gpg/RPM-GPG-KEY-EPEL-7
Importing GPG key 0x352C64E5:
 Userid     : "Fedora EPEL (7) <epel@fedoraproject.org>"
 Fingerprint: 91e9 7d7c 4a5e 96f1 7f3e 888f 6a2f aea2 352c 64e5
 Package    : epel-release-7-11.noarch (@extras)
 From       : /etc/pki/rpm-gpg/RPM-GPG-KEY-EPEL-7
Running transaction check
Running transaction test
Transaction test succeeded
Running transaction
  Installing : apr-1.4.8-7.el7.x86_64                                                                              1/10
  Installing : apr-util-1.5.2-6.el7.x86_64                                                                         2/10
  Installing : httpd-tools-2.4.6-97.el7.centos.5.x86_64                                                            3/10
  Installing : libzip-0.10.1-8.el7.x86_64                                                                          4/10
  Installing : php-common-5.4.16-48.el7.x86_64                                                                     5/10
  Installing : php-cli-5.4.16-48.el7.x86_64                                                                        6/10
  Installing : mailcap-2.1.41-2.el7.noarch                                                                         7/10
  Installing : httpd-2.4.6-97.el7.centos.5.x86_64                                                                  8/10
  Installing : php-5.4.16-48.el7.x86_64                                                                            9/10
  Installing : spawn-fcgi-1.6.3-5.el7.x86_64                                                                      10/10
  Verifying  : httpd-tools-2.4.6-97.el7.centos.5.x86_64                                                            1/10
  Verifying  : spawn-fcgi-1.6.3-5.el7.x86_64                                                                       2/10
  Verifying  : mailcap-2.1.41-2.el7.noarch                                                                         3/10
  Verifying  : apr-1.4.8-7.el7.x86_64                                                                              4/10
  Verifying  : php-cli-5.4.16-48.el7.x86_64                                                                        5/10
  Verifying  : apr-util-1.5.2-6.el7.x86_64                                                                         6/10
  Verifying  : php-common-5.4.16-48.el7.x86_64                                                                     7/10
  Verifying  : libzip-0.10.1-8.el7.x86_64                                                                          8/10
  Verifying  : httpd-2.4.6-97.el7.centos.5.x86_64                                                                  9/10
  Verifying  : php-5.4.16-48.el7.x86_64                                                                           10/10

Installed:
  httpd.x86_64 0:2.4.6-97.el7.centos.5         php.x86_64 0:5.4.16-48.el7         php-cli.x86_64 0:5.4.16-48.el7
  spawn-fcgi.x86_64 0:1.6.3-5.el7

Dependency Installed:
  apr.x86_64 0:1.4.8-7.el7          apr-util.x86_64 0:1.5.2-6.el7      httpd-tools.x86_64 0:2.4.6-97.el7.centos.5
  libzip.x86_64 0:0.10.1-8.el7      mailcap.noarch 0:2.1.41-2.el7      php-common.x86_64 0:5.4.16-48.el7

Complete!
[root@localhost sysconfig]# vi /etc/sysconfig/spawn-fcgi
[root@localhost sysconfig]# [root@localhost sysconfig]# vi /etc/systemd/system/spawn-fcgi.service
[root@localhost sysconfig]# systemctl start spawn-fcgi.service
[root@localhost sysconfig]# systemctl status spawn-fcgi.service
● spawn-fcgi.service - Spawn-fcg service start up by Otus
   Loaded: loaded (/etc/systemd/system/spawn-fcgi.service; disabled; vendor preset: disabled)
   Active: active (running) since Wed 2022-09-07 08:07:21 UTC; 9s ago
 Main PID: 10078 (php-cgi)
   CGroup: /system.slice/spawn-fcgi.service
           ├─10078 /usr/bin/php-cgi
           ├─10079 /usr/bin/php-cgi
           ├─10080 /usr/bin/php-cgi
           ├─10081 /usr/bin/php-cgi
           ├─10082 /usr/bin/php-cgi
           ├─10083 /usr/bin/php-cgi
           ├─10084 /usr/bin/php-cgi
           ├─10085 /usr/bin/php-cgi
           ├─10086 /usr/bin/php-cgi
           ├─10087 /usr/bin/php-cgi
           ├─10088 /usr/bin/php-cgi
           ├─10089 /usr/bin/php-cgi
           ├─10090 /usr/bin/php-cgi
           ├─10091 /usr/bin/php-cgi
           ├─10092 /usr/bin/php-cgi
           ├─10093 /usr/bin/php-cgi
           ├─10094 /usr/bin/php-cgi
           ├─10095 /usr/bin/php-cgi
           ├─10096 /usr/bin/php-cgi
           ├─10097 /usr/bin/php-cgi
           ├─10098 /usr/bin/php-cgi
           ├─10099 /usr/bin/php-cgi
           ├─10100 /usr/bin/php-cgi
           ├─10101 /usr/bin/php-cgi
           ├─10102 /usr/bin/php-cgi
           ├─10103 /usr/bin/php-cgi
           ├─10104 /usr/bin/php-cgi
           ├─10105 /usr/bin/php-cgi
           ├─10106 /usr/bin/php-cgi
           ├─10107 /usr/bin/php-cgi
           ├─10108 /usr/bin/php-cgi
           ├─10109 /usr/bin/php-cgi
           └─10110 /usr/bin/php-cgi

Sep 07 08:07:21 localhost.localdomain systemd[1]: Started Spawn-fcg service start up by Otus.
[root@localhost sysconfig]# systemctl httpd.service
Unknown operation 'httpd.service'.
[root@localhost sysconfig]#
[root@localhost sysconfig]# systemctl status httpd
● httpd.service - The Apache HTTP Server
   Loaded: loaded (/usr/lib/systemd/system/httpd.service; disabled; vendor preset: disabled)
   Active: inactive (dead)
     Docs: man:httpd(8)
           man:apachectl(8)
[root@localhost sysconfig]# ls /usr/lib/systemd/system |grep @
autovt@.service
chrony-dnssrv@.service
chrony-dnssrv@.timer
container-getty@.service
getty@.service
lvm2-pvscan@.service
selinux-policy-migrate-local-changes@.service
serial-getty@.service
sshd@.service
systemd-backlight@.service
systemd-fsck@.service
systemd-hibernate-resume@.service
systemd-nspawn@.service
systemd-rfkill@.service
teamd@.service
[root@localhost sysconfig]# ls /usr/lib/systemd/system |grep httpd
httpd.service
[root@localhost sysconfig]# cp /usr/lib/systemd/system/httpd.service /etc/systemd/system/httpd@.service
[root@localhost sysconfig]# ls /etc/systemd/system/
basic.target.wants                          network-online.target.wants
dbus-org.freedesktop.nm-dispatcher.service  sockets.target.wants
default.target                              spawn-fcgi.service
default.target.wants                        sysinit.target.wants
getty.target.wants                          system-update.target.wants
httpd@.service                              watchlog.service
local-fs.target.wants                       watchlog.timer
multi-user.target.wants
[root@localhost sysconfig]# vi /etc/systemd/system/httpd\@.service
[root@localhost sysconfig]# cp httpd httpd-first
[root@localhost sysconfig]# ls
anaconda    crond            httpd-first       kernel           rdisc          sshd
authconfig  ebtables-config  init              man-db           readonly-root  watchlog
cbq         firewalld        ip6tables-config  modules          rsyslog        wpa_supplicant
chronyd     grub             iptables-config   netconsole       run-parts
console     htcacheclean     irqbalance        network          selinux
cpupower    httpd            kdump             network-scripts  spawn-fcgi
[root@localhost sysconfig]# cp httpd httpd-second
[root@localhost sysconfig]# vi httpd-first
[root@localhost sysconfig]# [root@localhost sysconfig]# vi httpd-second
[root@localhost sysconfig]# ls /etc/sysconfig/first
ls: cannot access /etc/sysconfig/first: No such file or directory
[root@localhost sysconfig]# vi /etc/sysconfig/first
[root@localhost sysconfig]# [root@localhost sysconfig]# vi /etc/sysconfig/second
[root@localhost sysconfig]# cd /etc/sysconfig
[root@localhost sysconfig]# mv second second.conf
[root@localhost sysconfig]# mv first first.conf
[root@localhost sysconfig]# ls
anaconda    crond            httpd             irqbalance  network          second.conf
authconfig  ebtables-config  httpd-first       kdump       network-scripts  selinux
cbq         firewalld        httpd-second      kernel      rdisc            spawn-fcgi
chronyd     first.conf       init              man-db      readonly-root    sshd
console     grub             ip6tables-config  modules     rsyslog          watchlog
cpupower    htcacheclean     iptables-config   netconsole  run-parts        wpa_supplicant
[root@localhost sysconfig]# systemctl start httpd@first
Job for httpd@first.service failed because the control process exited with error code. See "systemctl status httpd@first.service" and "journalctl -xe" for details.
[root@localhost sysconfig]# systemctl status httpd@first
● httpd@first.service - The Apache HTTP Server
   Loaded: loaded (/etc/systemd/system/httpd@.service; disabled; vendor preset: disabled)
   Active: failed (Result: exit-code) since Wed 2022-09-07 09:07:17 UTC; 15s ago
     Docs: man:httpd(8)
           man:apachectl(8)
  Process: 10419 ExecStart=/usr/sbin/httpd $OPTIONS -DFOREGROUND (code=exited, status=1/FAILURE)
 Main PID: 10419 (code=exited, status=1/FAILURE)

Sep 07 09:07:17 localhost.localdomain systemd[1]: Starting The Apache HTTP Server...
Sep 07 09:07:17 localhost.localdomain httpd[10419]: httpd: Could not open configuration fi...rySep 07 09:07:17 localhost.localdomain systemd[1]: httpd@first.service: main process exited...RESep 07 09:07:17 localhost.localdomain systemd[1]: Failed to start The Apache HTTP Server.
Sep 07 09:07:17 localhost.localdomain systemd[1]: Unit httpd@first.service entered failed ...e.Sep 07 09:07:17 localhost.localdomain systemd[1]: httpd@first.service failed.
Hint: Some lines were ellipsized, use -l to show in full.
[root@localhost sysconfig]# ls etc/sysconfig/httpd-first
ls: cannot access etc/sysconfig/httpd-first: No such file or directory
[root@localhost sysconfig]# ls etc/sysconfig/
ls: cannot access etc/sysconfig/: No such file or directory
[root@localhost sysconfig]# ls /etc/sysconfig/
anaconda         first.conf        irqbalance       readonly-root
authconfig       grub              kdump            rsyslog
cbq              htcacheclean      kernel           run-parts
chronyd          httpd             man-db           second.conf
console          httpd-first       modules          selinux
cpupower         httpd-second      netconsole       spawn-fcgi
crond            init              network          sshd
ebtables-config  ip6tables-config  network-scripts  watchlog
firewalld        iptables-config   rdisc            wpa_supplicant
[root@localhost sysconfig]# vi etc/sysconfig/httpd-first
[root@localhost sysconfig]# [root@localhost sysconfig]# vi etc/sysconfig/htt
[root@localhost sysconfig]# vi /etc/sysconfig/httpd-first
[root@localhost sysconfig]# systemctl start httpd@first
Job for httpd@first.service failed because the control process exited with error code. See "systemctl status httpd@first.service" and "journalctl -xe" for details.
[root@localhost sysconfig]# systemctl cat httpd@first
# /etc/systemd/system/httpd@.service
[Unit]
Description=The Apache HTTP Server
After=network.target remote-fs.target nss-lookup.target
Documentation=man:httpd(8)
Documentation=man:apachectl(8)

[Service]
Type=notify
EnvironmentFile=/etc/sysconfig/httpd-%I
ExecStart=/usr/sbin/httpd $OPTIONS -DFOREGROUND
ExecReload=/usr/sbin/httpd $OPTIONS -k graceful
ExecStop=/bin/kill -WINCH ${MAINPID}
# We want systemd to give httpd some time to finish gracefully, but still wa# it to kill httpd after TimeoutStopSec if something went wrong during the
# graceful stop. Normally, Systemd sends SIGTERM signal right after the
# ExecStop, which would kill httpd. We are sending useless SIGCONT here to g# httpd time to finish.
KillSignal=SIGCONT
PrivateTmp=true
lines 1-20...skipping...
# /etc/systemd/system/httpd@.service
[Unit]
Description=The Apache HTTP Server
After=network.target remote-fs.target nss-lookup.target
Documentation=man:httpd(8)
Documentation=man:apachectl(8)

[Service]
Type=notify
EnvironmentFile=/etc/sysconfig/httpd-%I
ExecStart=/usr/sbin/httpd $OPTIONS -DFOREGROUND
ExecReload=/usr/sbin/httpd $OPTIONS -k graceful
ExecStop=/bin/kill -WINCH ${MAINPID}
# We want systemd to give httpd some time to finish gracefully, but still want
# it to kill httpd after TimeoutStopSec if something went wrong during the
# graceful stop. Normally, Systemd sends SIGTERM signal right after the
# ExecStop, which would kill httpd. We are sending useless SIGCONT here to give
# httpd time to finish.
KillSignal=SIGCONT
PrivateTmp=true

[Install]
WantedBy=multi-user.target
~
~
~
~
~
~
~
~
~
~
~
~
~
~
~
~
~
~
~
~
~
~
~
~
~
~
~
lines 1-23/23 (END)
# /etc/systemd/system/httpd@.service
[Unit]
Description=The Apache HTTP Server
After=network.target remote-fs.target nss-lookup.target
Documentation=man:httpd(8)
Documentation=man:apachectl(8)

[Service]
Type=notify
EnvironmentFile=/etc/sysconfig/httpd-%I
ExecStart=/usr/sbin/httpd $OPTIONS -DFOREGROUND
ExecReload=/usr/sbin/httpd $OPTIONS -k graceful
ExecStop=/bin/kill -WINCH ${MAINPID}
# We want systemd to give httpd some time to finish gracefully, but still wa# it to kill httpd after TimeoutStopSec if something went wrong during the
# graceful stop. Normally, Systemd sends SIGTERM signal right after the
# ExecStop, which would kill httpd. We are sending useless SIGCONT here to g# httpd time to finish.
KillSignal=SIGCONT
PrivateTmp=true

[Install]
WantedBy=multi-user.target
lines 4-23/23 (END)
After=network.target remote-fs.target nss-lookup.target
Documentation=man:httpd(8)
Documentation=man:apachectl(8)

[Service]
Type=notify
EnvironmentFile=/etc/sysconfig/httpd-%I
ExecStart=/usr/sbin/httpd $OPTIONS -DFOREGROUND
ExecReload=/usr/sbin/httpd $OPTIONS -k graceful
ExecStop=/bin/kill -WINCH ${MAINPID}
# We want systemd to give httpd some time to finish gracefully, but still want
# it to kill httpd after TimeoutStopSec if something went wrong during the
# graceful stop. Normally, Systemd sends SIGTERM signal right after the
# ExecStop, which would kill httpd. We are sending useless SIGCONT here to give
# httpd time to finish.
KillSignal=SIGCONT
PrivateTmp=true

[Install]
WantedBy=multi-user.target
~
~
~
~
~
~
~
~
~
~
~
~
~
~
~
~
~
~
~
~
~
~
~
~
~
~
~
~
~
~

[root@localhost sysconfig]# cat /etc/rc
rc0.d/    rc1.d/    rc2.d/    rc3.d/    rc4.d/    rc5.d/    rc6.d/    rc.d/     rc.local
[root@localhost sysconfig]# cat /etc/rc
rc0.d/    rc1.d/    rc2.d/    rc3.d/    rc4.d/    rc5.d/    rc6.d/    rc.d/     rc.local
[root@localhost sysconfig]# cat /etc/rc.d/init.d/spawn-fcg
cat: /etc/rc.d/init.d/spawn-fcg: No such file or directory
[root@localhost sysconfig]# ls /etc/rc.d/
init.d  rc0.d  rc1.d  rc2.d  rc3.d  rc4.d  rc5.d  rc6.d  rc.local
[root@localhost sysconfig]# ls init.d/
ls: cannot access init.d/: No such file or directory
[root@localhost sysconfig]# ls -a
.         authconfig  console   ebtables-config  grub          httpd-first   ip6tables-config  kdump   modules     network-scripts  rsyslog      selinux     watchlog
..        cbq         cpupower  firewalld        htcacheclean  httpd-second  iptables-config   kernel  netconsole  rdisc            run-parts    spawn-fcgi  wpa_supplicant
anaconda  chronyd     crond     first.conf       httpd         init          irqbalance        man-db  network     readonly-root    second.conf  sshd
[root@localhost sysconfig]# ls -la
total 136
drwxr-xr-x.  6 root root 4096 Sep  7 09:12 .
drwxr-xr-x. 76 root root 8192 Sep  7 07:59 ..
-rw-r--r--.  1 root root  145 May 14 14:51 anaconda
-rw-r--r--.  1 root root  483 May 14 14:50 authconfig
drwxr-xr-x.  2 root root   43 May 14 14:48 cbq
-rw-r--r--.  1 root root   46 Aug  8  2019 chronyd
drwxr-xr-x.  2 root root    6 Nov 16  2020 console
-rw-r--r--   1 root root  150 Apr  5 17:08 cpupower
-rw-------   1 root root  110 Jan 13  2022 crond
-rw-------.  1 root root 1390 Apr 11  2018 ebtables-config
-rw-r--r--   1 root root   73 Apr 28  2021 firewalld
-rw-r--r--   1 root root   67 Sep  7 08:59 first.conf
lrwxrwxrwx   1 root root   15 May 14 14:55 grub -> ../default/grub
-rw-r--r--   1 root root  348 Jan  7  2022 htcacheclean
-rw-r--r--   1 root root  802 Jan 13  2022 httpd
-rw-r--r--   1 root root  829 Sep  7 09:12 httpd-first
-rw-r--r--   1 root root  821 Sep  7 08:57 httpd-second
-rw-r--r--   1 root root  798 Nov 16  2020 init
-rw-------.  1 root root 2134 Oct  1  2020 ip6tables-config
-rw-------.  1 root root 2116 Oct  1  2020 iptables-config
-rw-r--r--.  1 root root  903 Aug  6  2019 irqbalance
-rw-r--r--   1 root root 1729 Jun  9  2021 kdump
-rw-r--r--.  1 root root  180 May 14 14:50 kernel
-rw-r--r--.  1 root root  200 Oct 30  2018 man-db
drwxr-xr-x.  2 root root    6 Nov 16  2020 modules
-rw-r--r--   1 root root  634 Nov 16  2020 netconsole
-rw-r--r--   1 root root   22 May 14 14:55 network
drwxr-xr-x.  2 root root 4096 May 14 14:55 network-scripts
-rw-r--r--.  1 root root   15 Aug  4  2017 rdisc
-rw-r--r--   1 root root  905 Nov 16  2020 readonly-root
-rw-r--r--   1 root root  196 Jan  7  2022 rsyslog
-rw-r--r--.  1 root root    0 Jun  9  2014 run-parts
-rw-r--r--   1 root root   69 Sep  7 09:01 second.conf
lrwxrwxrwx.  1 root root   17 May 14 14:49 selinux -> ../selinux/config
-rw-------   1 root root  361 Sep  7 08:01 spawn-fcgi
-rw-r-----   1 root root  506 Nov 24  2021 sshd
-rw-r--r--   1 root root  154 Sep  7 02:31 watchlog
-rw-r--r--   1 root root  610 Mar 16  2021 wpa_supplicant
[root@localhost sysconfig]# ls -la /etc/rc.d/
total 16
drwxr-xr-x. 10 root root  127 Nov 16  2020 .
drwxr-xr-x. 76 root root 8192 Sep  7 07:59 ..
drwxr-xr-x.  2 root root   88 Sep  7 07:59 init.d
drwxr-xr-x.  2 root root   66 Sep  7 07:59 rc0.d
drwxr-xr-x.  2 root root   66 Sep  7 07:59 rc1.d
drwxr-xr-x.  2 root root   66 Sep  7 07:59 rc2.d
drwxr-xr-x.  2 root root   66 Sep  7 07:59 rc3.d
drwxr-xr-x.  2 root root   66 Sep  7 07:59 rc4.d
drwxr-xr-x.  2 root root   66 Sep  7 07:59 rc5.d
drwxr-xr-x.  2 root root   66 Sep  7 07:59 rc6.d
-rw-r--r--   1 root root  473 Jan 13  2022 rc.local
[root@localhost sysconfig]# cd init.d
bash: cd: init.d: No such file or directory
[root@localhost sysconfig]# vi /etc/sysconfig/spawn-fcgi
[root@localhost sysconfig]# cat /etc/systemd/system/spawn-fcgi.service
[Unit]
Description=Spawn-fcg service start up by Otus
After=network.target

[Service]
Type=simple
PIGFile=/var/run/spawn-fcgi.pid
EnvironmentFile=/etc/sysconfig/spawn-fcgi
ExecStart=/usr/bin/spawn-fcgi -n $OPTIONS
KillMode=process

[Install]
WantedBy=multi-user.target
[root@localhost sysconfig]# vi /etc/systemd/system/spawn-fcgi.service
[root@localhost sysconfig]# systemctl start spawn-fcgi
Warning: spawn-fcgi.service changed on disk. Run 'systemctl daemon-reload' to reload units.
[root@localhost sysconfig]# systemctl daemon-reload
[root@localhost sysconfig]# systemctl start spawn-fcgi
[root@localhost sysconfig]# systemctl status spawn-fcgi
● spawn-fcgi.service - Spawn-fcg service start up by Otus
   Loaded: loaded (/etc/systemd/system/spawn-fcgi.service; disabled; vendor preset: disabled)
   Active: active (running) since Wed 2022-09-07 08:07:21 UTC; 12h ago
 Main PID: 10078 (php-cgi)
   CGroup: /system.slice/spawn-fcgi.service
           ├─10078 /usr/bin/php-cgi
           ├─10079 /usr/bin/php-cgi
           ├─10080 /usr/bin/php-cgi
           ├─10081 /usr/bin/php-cgi
           ├─10082 /usr/bin/php-cgi
           ├─10083 /usr/bin/php-cgi
           ├─10084 /usr/bin/php-cgi
           ├─10085 /usr/bin/php-cgi
           ├─10086 /usr/bin/php-cgi
           ├─10087 /usr/bin/php-cgi
           ├─10088 /usr/bin/php-cgi
           ├─10089 /usr/bin/php-cgi
           ├─10090 /usr/bin/php-cgi
           ├─10091 /usr/bin/php-cgi
           ├─10092 /usr/bin/php-cgi
           ├─10093 /usr/bin/php-cgi
           ├─10094 /usr/bin/php-cgi
           ├─10095 /usr/bin/php-cgi
           ├─10096 /usr/bin/php-cgi
           ├─10097 /usr/bin/php-cgi
           ├─10098 /usr/bin/php-cgi
           ├─10099 /usr/bin/php-cgi
           ├─10100 /usr/bin/php-cgi
           ├─10101 /usr/bin/php-cgi
           ├─10102 /usr/bin/php-cgi
           ├─10103 /usr/bin/php-cgi
           ├─10104 /usr/bin/php-cgi
           ├─10105 /usr/bin/php-cgi
           ├─10106 /usr/bin/php-cgi
           ├─10107 /usr/bin/php-cgi
           ├─10108 /usr/bin/php-cgi
           ├─10109 /usr/bin/php-cgi
           └─10110 /usr/bin/php-cgi

Sep 07 08:07:21 localhost.localdomain systemd[1]: Started Spawn-fcg service start up by Otus.
[root@localhost sysconfig]# systemctl start httpd@first
Job for httpd@first.service failed because the control process exited with error code. See "systemctl status httpd@first.service" and "journalctl -xe" for details.
[root@localhost sysconfig]# cat /etc/sysconfig/httpd-
httpd-first   httpd-second
[root@localhost sysconfig]# cat /etc/sysconfig/httpd-first
#
# This file can be used to set additional environment variables for
# the httpd process, or pass additional options to the httpd
# executable.
#
# Note: With previous versions of httpd, the MPM could be changed by
# editing an "HTTPD" variable here.  With the current version, that
# variable is now ignored.  The MPM is a loadable module, and the
# choice of MPM can be changed by editing the configuration file
# /etc/httpd/conf.modules.d/00-mpm.conf.
#

#
# To pass additional options (for instance, -D definitions) to the
# httpd binary at startup, set OPTIONS here.
#
OPTIONS=-f /etc/sysconfig/first.conf

#
# This setting ensures the httpd process is started in the "C" locale
# by default.  (Some modules will not behave correctly if
# case-sensitive string comparisons are performed in a different
# locale.)
#
[root@localhost sysconfig]#
[root@localhost sysconfig]# cat /etc/sysconfig/fir
[root@localhost sysconfig]#
[root@localhost sysconfig]# cat /etc/sysconfig/fir
[root@localhost sysconfig]# cat /etc/sysconfig/fir
firewalld   first.conf
[root@localhost sysconfig]# cat /etc/sysconfig/first.conf
#/etc/sysconfig/first
PidFile /var/run/httpd-first.pid
Listen 8080
[root@localhost sysconfig]# vi /etc/sysconfig/httpd
httpd         httpd-first   httpd-second
[root@localhost sysconfig]# vi /etc/sysconfig/httpd-first
[root@localhost sysconfig]# vi /etc/sysconfig/httpd-second
[root@localhost sysconfig]# vi /etc/sysconfig/httpd-first
[root@localhost sysconfig]# ls /etc/sysconfig/
anaconda    crond            httpd             irqbalance  network          second.conf
authconfig  ebtables-config  httpd-first       kdump       network-scripts  selinux
cbq         firewalld        httpd-second      kernel      rdisc            spawn-fcgi
chronyd     first.conf       init              man-db      readonly-root    sshd
console     grub             ip6tables-config  modules     rsyslog          watchlog
cpupower    htcacheclean     iptables-config   netconsole  run-parts        wpa_supplicant
[root@localhost sysconfig]# vi /etc/sysconfig/first.conf
[root@localhost sysconfig]# vi /etc/sysconfig/second.conf
[root@localhost sysconfig]# systemctl start httpd@first
Job for httpd@first.service failed because the control process exited with error code. See "systemctl status httpd@first.service" and "journalctl -xe" for details.
[root@localhost sysconfig]# vi /etc/systemd/system/httpd@
@::1                      @localhost4.localdomain4  @localhost.localdomain
@localhost                @localhost6
@localhost4               @localhost6.localdomain6
[root@localhost sysconfig]# ls -l /etc/systemd/system/
total 20
drwxr-xr-x. 2 root root   57 May 14 14:49 basic.target.wants
lrwxrwxrwx. 1 root root   57 May 14 14:49 dbus-org.freedesktop.nm-dispatcher.service -> /usr/lib/systemd/system/NetworkManager-dispatcher.service
lrwxrwxrwx. 1 root root   37 May 14 14:50 default.target -> /lib/systemd/system/multi-user.target
drwxr-xr-x. 2 root root   87 May 14 14:49 default.target.wants
drwxr-xr-x. 2 root root   32 May 14 14:49 getty.target.wants
-rw-r--r--  1 root root  755 Sep  7 08:53 httpd@.service
drwxr-xr-x. 2 root root   35 May 14 14:49 local-fs.target.wants
drwxr-xr-x. 2 root root 4096 May 14 14:50 multi-user.target.wants
drwxr-xr-x. 2 root root   48 May 14 14:49 network-online.target.wants
drwxr-xr-x. 2 root root   29 May 14 14:49 sockets.target.wants
-rw-r--r--  1 root root  269 Sep  7 21:00 spawn-fcgi.service
drwxr-xr-x. 2 root root  254 May 14 14:49 sysinit.target.wants
drwxr-xr-x. 2 root root   44 May 14 14:49 system-update.target.wants
-rw-r--r--  1 root root  141 Sep  7 07:43 watchlog.service
-rw-r--r--  1 root root  161 Sep  7 07:39 watchlog.timer
[root@localhost sysconfig]# cd /etc/systemd/system/
[root@localhost system]# vi httpd\@.service
[root@localhost system]# systemctl start httpd\@.service
Failed to start httpd@.service: Unit name httpd@.service is missing the instance name.
See system logs and 'systemctl status httpd@.service' for details.
[root@localhost system]# systemctl status httpd\@.service
Failed to get properties: Unit name httpd@.service is missing the instance name.
[root@localhost system]# Connection to 127.0.0.1 closed by remote host.
Connection to 127.0.0.1 closed.

N:\Linux ot\work_8_systemd>vagrant ssh
==> vagrant: A new version of Vagrant is available: 2.3.0 (installed version: 2.2.19)!
==> vagrant: To upgrade visit: https://www.vagrantup.com/downloads.html


N:\Linux ot\work_8_systemd>vagrant up
Bringing machine 'default' up with 'virtualbox' provider...
==> default: Checking if box 'katt/centos-7-5' version '1.0' is up to date...
==> default: There was a problem while downloading the metadata for your box
==> default: to check for updates. This is not an error, since it is usually due
==> default: to temporary network problems. This is just a warning. The problem
==> default: encountered was:
==> default:
==> default: The requested URL returned error: 404
==> default:
==> default: If you want to check for box updates, verify your network connection
==> default: is valid and try again.
==> default: Clearing any previously set forwarded ports...
==> default: Clearing any previously set network interfaces...
==> default: Preparing network interfaces based on configuration...
    default: Adapter 1: nat
==> default: Forwarding ports...
    default: 22 (guest) => 2222 (host) (adapter 1)
==> default: Booting VM...
==> default: Waiting for machine to boot. This may take a few minutes...
    default: SSH address: 127.0.0.1:2222
    default: SSH username: vagrant
    default: SSH auth method: private key
==> default: Machine booted and ready!
==> default: Checking for guest additions in VM...
    default: No guest additions were detected on the base box for this VM! Guest
    default: additions are required for forwarded ports, shared folders, host only
    default: networking, and more. If SSH fails on this machine, please install
    default: the guest additions and repackage the box to continue.
    default:
    default: This is not an error message; everything may continue to work properly,
    default: in which case you may ignore this message.
==> default: Mounting shared folders...
    default: /vagrant => N:/Linux ot/work_8_systemd
Vagrant was unable to mount VirtualBox shared folders. This is usually
because the filesystem "vboxsf" is not available. This filesystem is
made available via the VirtualBox Guest Additions and kernel module.
Please verify that these guest additions are properly installed in the
guest. This is not a bug in Vagrant and is usually caused by a faulty
Vagrant box. For context, the command attempted was:

mount -t vboxsf -o uid=1000,gid=1000,_netdev vagrant /vagrant

The error output from the command was:

mount: unknown filesystem type 'vboxsf'

N:\Linux ot\work_8_systemd>vagrant ssh
Last login: Sat Sep 10 07:22:54 2022
[vagrant@localhost ~]$ sustemctl status httpd.service
-bash: sustemctl: command not found
[vagrant@localhost ~]$ systemctl status httpd.service
● httpd.service - The Apache HTTP Server
   Loaded: loaded (/usr/lib/systemd/system/httpd.service; disabled; vendor preset: disabled)
   Active: inactive (dead)
     Docs: man:httpd(8)
           man:apachectl(8)
[vagrant@localhost ~]$ systemctl start httpd.service
==== AUTHENTICATING FOR org.freedesktop.systemd1.manage-units ===
Authentication is required to manage system services or units.
Authenticating as: root
Password:
polkit-agent-helper-1: pam_authenticate failed: Authentication failure
==== AUTHENTICATION FAILED ===
Failed to start httpd.service: Access denied
See system logs and 'systemctl status httpd.service' for details.
[vagrant@localhost ~]$ sudo su
[root@localhost vagrant]# systemctl start httpd.service
[root@localhost vagrant]# vi /etc/systemd/system/httpd@.service
[root@localhost vagrant]# [root@localhost vagrant]# ls -l /etc/sysconfig/
total 120
-rw-r--r--. 1 root root  145 May 14 14:51 anaconda
-rw-r--r--. 1 root root  483 May 14 14:50 authconfig
drwxr-xr-x. 2 root root   43 May 14 14:48 cbq
-rw-r--r--. 1 root root   46 Aug  8  2019 chronyd
drwxr-xr-x. 2 root root    6 Nov 16  2020 console
-rw-r--r--  1 root root  150 Apr  5 17:08 cpupower
-rw-------  1 root root  110 Jan 13  2022 crond
-rw-------. 1 root root 1390 Apr 11  2018 ebtables-config
-rw-r--r--  1 root root   73 Apr 28  2021 firewalld
-rw-r--r--  1 root root   67 Sep  7 08:59 first.conf
lrwxrwxrwx  1 root root   15 May 14 14:55 grub -> ../default/grub
-rw-r--r--  1 root root  348 Jan  7  2022 htcacheclean
-rw-r--r--  1 root root  802 Jan 13  2022 httpd
-rw-r--r--  1 root root  819 Sep  7 23:51 httpd-first
-rw-r--r--  1 root root  820 Sep  7 23:51 httpd-second
-rw-r--r--  1 root root  798 Nov 16  2020 init
-rw-------. 1 root root 2134 Oct  1  2020 ip6tables-config
-rw-------. 1 root root 2116 Oct  1  2020 iptables-config
-rw-r--r--. 1 root root  903 Aug  6  2019 irqbalance
-rw-r--r--  1 root root 1729 Jun  9  2021 kdump
-rw-r--r--. 1 root root  180 May 14 14:50 kernel
-rw-r--r--. 1 root root  200 Oct 30  2018 man-db
drwxr-xr-x. 2 root root    6 Nov 16  2020 modules
-rw-r--r--  1 root root  634 Nov 16  2020 netconsole
-rw-r--r--  1 root root   22 May 14 14:55 network
drwxr-xr-x. 2 root root 4096 May 14 14:55 network-scripts
-rw-r--r--. 1 root root   15 Aug  4  2017 rdisc
-rw-r--r--  1 root root  905 Nov 16  2020 readonly-root
-rw-r--r--  1 root root  196 Jan  7  2022 rsyslog
-rw-r--r--. 1 root root    0 Jun  9  2014 run-parts
-rw-r--r--  1 root root   69 Sep  7 09:01 second.conf
lrwxrwxrwx. 1 root root   17 May 14 14:49 selinux -> ../selinux/config
-rw-------  1 root root  361 Sep  7 08:01 spawn-fcgi
-rw-r-----  1 root root  506 Nov 24  2021 sshd
-rw-r--r--  1 root root  154 Sep  7 02:31 watchlog
-rw-r--r--  1 root root  610 Mar 16  2021 wpa_supplicant
[root@localhost vagrant]# systemctl cat httpd@first.service
# /etc/systemd/system/httpd@.service
[Unit]
Description=The Apache HTTP Server
After=network.target remote-fs.target nss-lookup.target
Documentation=man:httpd(8)
Documentation=man:apachectl(8)

[Service]
Type=notify
EnvironmentFile=/etc/sysconfig/httpd-%I
ExecStart=/usr/sbin/httpd $OPTIONS -DFOREGROUND
ExecReload=/usr/sbin/httpd $OPTIONS -k graceful
ExecStop=/bin/kill -WINCH ${MAINPID}
# We want systemd to give httpd some time to finish gracefully, but still want
# it to kill httpd after TimeoutStopSec if something went wrong during the
# graceful stop. Normally, Systemd sends SIGTERM signal right after the
# ExecStop, which would kill httpd. We are sending useless SIGCONT here to give
# httpd time to finish.
KillSignal=SIGCONT
PrivateTmp=true

[Install]
WantedBy=multi-user.target
[root@localhost vagrant]# vi /etc/sysconfig/httpd-first
[root@localhost vagrant]# vi /etc/sysconfig/httpd
[root@localhost vagrant]# systemctl start httpd@first
Job for httpd@first.service failed because the control process exited with error code. See "systemctl status httpd@first.service" and "journalctl -xe" for details.
[root@localhost vagrant]# journalctl -xe
-- Support: http://lists.freedesktop.org/mailman/listinfo/systemd-devel
--
-- Unit system-httpd.slice has finished starting up.
--
-- The start-up result is done.
Sep 10 08:08:22 localhost.localdomain systemd[1]: Starting The Apache HTTP Server...
-- Subject: Unit httpd@first.service has begun start-up
-- Defined-By: systemd
-- Support: http://lists.freedesktop.org/mailman/listinfo/systemd-devel
--
-- Unit httpd@first.service has begun starting up.
Sep 10 08:08:22 localhost.localdomain kernel: xfs filesystem being remounted at /tmp supports timestampsSep 10 08:08:22 localhost.localdomain kernel: xfs filesystem being remounted at /var/tmp supports timestSep 10 08:08:22 localhost.localdomain httpd[1830]: httpd: Could not open configuration file /etc/httpd/cSep 10 08:08:22 localhost.localdomain systemd[1]: httpd@first.service: main process exited, code=exited,Sep 10 08:08:22 localhost.localdomain systemd[1]: Failed to start The Apache HTTP Server.
-- Subject: Unit httpd@first.service has failed
-- Defined-By: systemd
-- Support: http://lists.freedesktop.org/mailman/listinfo/systemd-devel
--
-- Unit httpd@first.service has failed.
--
-- The result is failed.
Sep 10 08:08:22 localhost.localdomain systemd[1]: Unit httpd@first.service entered failed state.
Sep 10 08:08:22 localhost.localdomain systemd[1]: httpd@first.service failed.
Sep 10 08:08:22 localhost.localdomain polkitd[714]: Unregistered Authentication Agent for unix-process:1lines 1906-1931/1931 (END)
-- Support: http://lists.freedesktop.org/mailman/listinfo/systemd-devel
--
-- Unit system-httpd.slice has finished starting up.
--
-- The start-up result is done.
Sep 10 08:08:22 localhost.localdomain systemd[1]: Starting The Apache HTTP Server...
-- Subject: Unit httpd@first.service has begun start-up
-- Defined-By: systemd
-- Support: http://lists.freedesktop.org/mailman/listinfo/systemd-devel
--
-- Unit httpd@first.service has begun starting up.
Sep 10 08:08:22 localhost.localdomain kernel: xfs filesystem being remounted at /tmp supports timestamps
Sep 10 08:08:22 localhost.localdomain kernel: xfs filesystem being remounted at /var/tmp supports timestaSep 10 08:08:22 localhost.localdomain httpd[1830]: httpd: Could not open configuration file /etc/httpd/coSep 10 08:08:22 localhost.localdomain systemd[1]: httpd@first.service: main process exited, code=exited,
Sep 10 08:08:22 localhost.localdomain systemd[1]: Failed to start The Apache HTTP Server.
-- Subject: Unit httpd@first.service has failed
-- Defined-By: systemd
-- Support: http://lists.freedesktop.org/mailman/listinfo/systemd-devel
--
-- Unit httpd@first.service has failed.
--
-- The result is failed.
Sep 10 08:08:22 localhost.localdomain systemd[1]: Unit httpd@first.service entered failed state.
Sep 10 08:08:22 localhost.localdomain systemd[1]: httpd@first.service failed.
Sep 10 08:08:22 localhost.localdomain polkitd[714]: Unregistered Authentication Agent for unix-process:18lines 1906-1931/1931 (END)
-- Support: http://lists.freedesktop.org/mailman/listinfo/systemd-devel
--
-- Unit system-httpd.slice has finished starting up.
--
-- The start-up result is done.
Sep 10 08:08:22 localhost.localdomain systemd[1]: Starting The Apache HTTP Server...
-- Subject: Unit httpd@first.service has begun start-up
-- Defined-By: systemd
-- Support: http://lists.freedesktop.org/mailman/listinfo/systemd-devel
--
-- Unit httpd@first.service has begun starting up.
Sep 10 08:08:22 localhost.localdomain kernel: xfs filesystem being remounted at /tmp supports timestamps uSep 10 08:08:22 localhost.localdomain kernel: xfs filesystem being remounted at /var/tmp supports timestamSep 10 08:08:22 localhost.localdomain httpd[1830]: httpd: Could not open configuration file /etc/httpd/conSep 10 08:08:22 localhost.localdomain systemd[1]: httpd@first.service: main process exited, code=exited, sSep 10 08:08:22 localhost.localdomain systemd[1]: Failed to start The Apache HTTP Server.
-- Subject: Unit httpd@first.service has failed
-- Defined-By: systemd
-- Support: http://lists.freedesktop.org/mailman/listinfo/systemd-devel
--
-- Unit httpd@first.service has failed.
--
-- The result is failed.
Sep 10 08:08:22 localhost.localdomain systemd[1]: Unit httpd@first.service entered failed state.
Sep 10 08:08:22 localhost.localdomain systemd[1]: httpd@first.service failed.
Sep 10 08:08:22 localhost.localdomain polkitd[714]: Unregistered Authentication Agent for unix-process:182lines 1906-1931/1931 (END)
-- Support: http://lists.freedesktop.org/mailman/listinfo/systemd-devel
--
-- Unit system-httpd.slice has finished starting up.
--
-- The start-up result is done.
Sep 10 08:08:22 localhost.localdomain systemd[1]: Starting The Apache HTTP Server...
-- Subject: Unit httpd@first.service has begun start-up
-- Defined-By: systemd
-- Support: http://lists.freedesktop.org/mailman/listinfo/systemd-devel
--
-- Unit httpd@first.service has begun starting up.
Sep 10 08:08:22 localhost.localdomain kernel: xfs filesystem being remounted at /tmp supports timestamps unSep 10 08:08:22 localhost.localdomain kernel: xfs filesystem being remounted at /var/tmp supports timestampSep 10 08:08:22 localhost.localdomain httpd[1830]: httpd: Could not open configuration file /etc/httpd/confSep 10 08:08:22 localhost.localdomain systemd[1]: httpd@first.service: main process exited, code=exited, stSep 10 08:08:22 localhost.localdomain systemd[1]: Failed to start The Apache HTTP Server.
-- Subject: Unit httpd@first.service has failed
-- Defined-By: systemd
-- Support: http://lists.freedesktop.org/mailman/listinfo/systemd-devel
--
-- Unit httpd@first.service has failed.
--
-- The result is failed.
Sep 10 08:08:22 localhost.localdomain systemd[1]: Unit httpd@first.service entered failed state.
Sep 10 08:08:22 localhost.localdomain systemd[1]: httpd@first.service failed.
Sep 10 08:08:22 localhost.localdomain polkitd[714]: Unregistered Authentication Agent for unix-process:1824lines 1906-1931/1931 (END)
-- Support: http://lists.freedesktop.org/mailman/listinfo/systemd-devel
--
-- Unit system-httpd.slice has finished starting up.
--
-- The start-up result is done.
Sep 10 08:08:22 localhost.localdomain systemd[1]: Starting The Apache HTTP Server...
-- Subject: Unit httpd@first.service has begun start-up
-- Defined-By: systemd
-- Support: http://lists.freedesktop.org/mailman/listinfo/systemd-devel
--
-- Unit httpd@first.service has begun starting up.
Sep 10 08:08:22 localhost.localdomain kernel: xfs filesystem being remounted at /tmp supports timestamps untSep 10 08:08:22 localhost.localdomain kernel: xfs filesystem being remounted at /var/tmp supports timestampsSep 10 08:08:22 localhost.localdomain httpd[1830]: httpd: Could not open configuration file /etc/httpd/conf/Sep 10 08:08:22 localhost.localdomain systemd[1]: httpd@first.service: main process exited, code=exited, staSep 10 08:08:22 localhost.localdomain systemd[1]: Failed to start The Apache HTTP Server.
-- Subject: Unit httpd@first.service has failed
-- Defined-By: systemd
-- Support: http://lists.freedesktop.org/mailman/listinfo/systemd-devel
--
-- Unit httpd@first.service has failed.
--
-- The result is failed.
Sep 10 08:08:22 localhost.localdomain systemd[1]: Unit httpd@first.service entered failed state.
Sep 10 08:08:22 localhost.localdomain systemd[1]: httpd@first.service failed.
Sep 10 08:08:22 localhost.localdomain polkitd[714]: Unregistered Authentication Agent for unix-process:1824:lines 1906-1931/1931 (END)
-- Support: http://lists.freedesktop.org/mailman/listinfo/systemd-devel
--
-- Unit system-httpd.slice has finished starting up.
--
-- The start-up result is done.
Sep 10 08:08:22 localhost.localdomain systemd[1]: Starting The Apache HTTP Server...
-- Subject: Unit httpd@first.service has begun start-up
-- Defined-By: systemd
-- Support: http://lists.freedesktop.org/mailman/listinfo/systemd-devel
--
-- Unit httpd@first.service has begun starting up.
Sep 10 08:08:22 localhost.localdomain kernel: xfs filesystem being remounted at /tmp supports timestamps untiSep 10 08:08:22 localhost.localdomain kernel: xfs filesystem being remounted at /var/tmp supports timestamps
Sep 10 08:08:22 localhost.localdomain httpd[1830]: httpd: Could not open configuration file /etc/httpd/conf/fSep 10 08:08:22 localhost.localdomain systemd[1]: httpd@first.service: main process exited, code=exited, statSep 10 08:08:22 localhost.localdomain systemd[1]: Failed to start The Apache HTTP Server.
-- Subject: Unit httpd@first.service has failed
-- Defined-By: systemd
-- Support: http://lists.freedesktop.org/mailman/listinfo/systemd-devel
--
-- Unit httpd@first.service has failed.
--
-- The result is failed.
Sep 10 08:08:22 localhost.localdomain systemd[1]: Unit httpd@first.service entered failed state.
Sep 10 08:08:22 localhost.localdomain systemd[1]: httpd@first.service failed.
Sep 10 08:08:22 localhost.localdomain polkitd[714]: Unregistered Authentication Agent for unix-process:1824:8lines 1906-1931/1931 (END)
-- Support: http://lists.freedesktop.org/mailman/listinfo/systemd-devel
--
-- Unit system-httpd.slice has finished starting up.
--
-- The start-up result is done.
Sep 10 08:08:22 localhost.localdomain systemd[1]: Starting The Apache HTTP Server...
-- Subject: Unit httpd@first.service has begun start-up
-- Defined-By: systemd
-- Support: http://lists.freedesktop.org/mailman/listinfo/systemd-devel
--
-- Unit httpd@first.service has begun starting up.
Sep 10 08:08:22 localhost.localdomain kernel: xfs filesystem being remounted at /tmp supports timestamps untilSep 10 08:08:22 localhost.localdomain kernel: xfs filesystem being remounted at /var/tmp supports timestamps uSep 10 08:08:22 localhost.localdomain httpd[1830]: httpd: Could not open configuration file /etc/httpd/conf/fiSep 10 08:08:22 localhost.localdomain systemd[1]: httpd@first.service: main process exited, code=exited, statuSep 10 08:08:22 localhost.localdomain systemd[1]: Failed to start The Apache HTTP Server.
-- Subject: Unit httpd@first.service has failed
-- Defined-By: systemd
-- Support: http://lists.freedesktop.org/mailman/listinfo/systemd-devel
--
-- Unit httpd@first.service has failed.
--
-- The result is failed.
Sep 10 08:08:22 localhost.localdomain systemd[1]: Unit httpd@first.service entered failed state.
Sep 10 08:08:22 localhost.localdomain systemd[1]: httpd@first.service failed.
Sep 10 08:08:22 localhost.localdomain polkitd[714]: Unregistered Authentication Agent for unix-process:1824:82lines 1906-1931/1931 (END)
-- Support: http://lists.freedesktop.org/mailman/listinfo/systemd-devel
--
-- Unit system-httpd.slice has finished starting up.
--
-- The start-up result is done.
Sep 10 08:08:22 localhost.localdomain systemd[1]: Starting The Apache HTTP Server...
-- Subject: Unit httpd@first.service has begun start-up
-- Defined-By: systemd
-- Support: http://lists.freedesktop.org/mailman/listinfo/systemd-devel
--
-- Unit httpd@first.service has begun starting up.
Sep 10 08:08:22 localhost.localdomain kernel: xfs filesystem being remounted at /tmp supports timestamps until
Sep 10 08:08:22 localhost.localdomain kernel: xfs filesystem being remounted at /var/tmp supports timestamps unSep 10 08:08:22 localhost.localdomain httpd[1830]: httpd: Could not open configuration file /etc/httpd/conf/firSep 10 08:08:22 localhost.localdomain systemd[1]: httpd@first.service: main process exited, code=exited, statusSep 10 08:08:22 localhost.localdomain systemd[1]: Failed to start The Apache HTTP Server.
-- Subject: Unit httpd@first.service has failed
-- Defined-By: systemd
-- Support: http://lists.freedesktop.org/mailman/listinfo/systemd-devel
--
-- Unit httpd@first.service has failed.
--
-- The result is failed.
Sep 10 08:08:22 localhost.localdomain systemd[1]: Unit httpd@first.service entered failed state.
Sep 10 08:08:22 localhost.localdomain systemd[1]: httpd@first.service failed.
Sep 10 08:08:22 localhost.localdomain polkitd[714]: Unregistered Authentication Agent for unix-process:1824:821lines 1906-1931/1931 (END)
-- Support: http://lists.freedesktop.org/mailman/listinfo/systemd-devel
--
-- Unit system-httpd.slice has finished starting up.
--
-- The start-up result is done.
Sep 10 08:08:22 localhost.localdomain systemd[1]: Starting The Apache HTTP Server...
-- Subject: Unit httpd@first.service has begun start-up
-- Defined-By: systemd
-- Support: http://lists.freedesktop.org/mailman/listinfo/systemd-devel
--
-- Unit httpd@first.service has begun starting up.
Sep 10 08:08:22 localhost.localdomain kernel: xfs filesystem being remounted at /tmp supports timestamps until 2Sep 10 08:08:22 localhost.localdomain kernel: xfs filesystem being remounted at /var/tmp supports timestamps untSep 10 08:08:22 localhost.localdomain httpd[1830]: httpd: Could not open configuration file /etc/httpd/conf/firsSep 10 08:08:22 localhost.localdomain systemd[1]: httpd@first.service: main process exited, code=exited, status=Sep 10 08:08:22 localhost.localdomain systemd[1]: Failed to start The Apache HTTP Server.
-- Subject: Unit httpd@first.service has failed
-- Defined-By: systemd
-- Support: http://lists.freedesktop.org/mailman/listinfo/systemd-devel
--
-- Unit httpd@first.service has failed.
--
-- The result is failed.
Sep 10 08:08:22 localhost.localdomain systemd[1]: Unit httpd@first.service entered failed state.
Sep 10 08:08:22 localhost.localdomain systemd[1]: httpd@first.service failed.
Sep 10 08:08:22 localhost.localdomain polkitd[714]: Unregistered Authentication Agent for unix-process:1824:8219lines 1906-1931/1931 (END)
-- Support: http://lists.freedesktop.org/mailman/listinfo/systemd-devel
--
-- Unit system-httpd.slice has finished starting up.
--
-- The start-up result is done.
Sep 10 08:08:22 localhost.localdomain systemd[1]: Starting The Apache HTTP Server...
-- Subject: Unit httpd@first.service has begun start-up
-- Defined-By: systemd
-- Support: http://lists.freedesktop.org/mailman/listinfo/systemd-devel
--
-- Unit httpd@first.service has begun starting up.
Sep 10 08:08:22 localhost.localdomain kernel: xfs filesystem being remounted at /tmp supports timestamps until 20Sep 10 08:08:22 localhost.localdomain kernel: xfs filesystem being remounted at /var/tmp supports timestamps untiSep 10 08:08:22 localhost.localdomain httpd[1830]: httpd: Could not open configuration file /etc/httpd/conf/firstSep 10 08:08:22 localhost.localdomain systemd[1]: httpd@first.service: main process exited, code=exited, status=1Sep 10 08:08:22 localhost.localdomain systemd[1]: Failed to start The Apache HTTP Server.
-- Subject: Unit httpd@first.service has failed
-- Defined-By: systemd
-- Support: http://lists.freedesktop.org/mailman/listinfo/systemd-devel
--
-- Unit httpd@first.service has failed.
--
-- The result is failed.
Sep 10 08:08:22 localhost.localdomain systemd[1]: Unit httpd@first.service entered failed state.
Sep 10 08:08:22 localhost.localdomain systemd[1]: httpd@first.service failed.
Sep 10 08:08:22 localhost.localdomain polkitd[714]: Unregistered Authentication Agent for unix-process:1824:82190lines 1906-1931/1931 (END)
-- Support: http://lists.freedesktop.org/mailman/listinfo/systemd-devel
--
-- Unit system-httpd.slice has finished starting up.
--
-- The start-up result is done.
Sep 10 08:08:22 localhost.localdomain systemd[1]: Starting The Apache HTTP Server...
-- Subject: Unit httpd@first.service has begun start-up
-- Defined-By: systemd
-- Support: http://lists.freedesktop.org/mailman/listinfo/systemd-devel
--
-- Unit httpd@first.service has begun starting up.
Sep 10 08:08:22 localhost.localdomain kernel: xfs filesystem being remounted at /tmp supports timestamps until 203Sep 10 08:08:22 localhost.localdomain kernel: xfs filesystem being remounted at /var/tmp supports timestamps untilSep 10 08:08:22 localhost.localdomain httpd[1830]: httpd: Could not open configuration file /etc/httpd/conf/first.Sep 10 08:08:22 localhost.localdomain systemd[1]: httpd@first.service: main process exited, code=exited, status=1/Sep 10 08:08:22 localhost.localdomain systemd[1]: Failed to start The Apache HTTP Server.
-- Subject: Unit httpd@first.service has failed
-- Defined-By: systemd
-- Support: http://lists.freedesktop.org/mailman/listinfo/systemd-devel
--
-- Unit httpd@first.service has failed.
--
-- The result is failed.
Sep 10 08:08:22 localhost.localdomain systemd[1]: Unit httpd@first.service entered failed state.
Sep 10 08:08:22 localhost.localdomain systemd[1]: httpd@first.service failed.
Sep 10 08:08:22 localhost.localdomain polkitd[714]: Unregistered Authentication Agent for unix-process:1824:82190
lines 1906-1931/1931 (END)
-- Support: http://lists.freedesktop.org/mailman/listinfo/systemd-devel
--
-- Unit system-httpd.slice has finished starting up.
--
-- The start-up result is done.
Sep 10 08:08:22 localhost.localdomain systemd[1]: Starting The Apache HTTP Server...
-- Subject: Unit httpd@first.service has begun start-up
-- Defined-By: systemd
-- Support: http://lists.freedesktop.org/mailman/listinfo/systemd-devel
--
-- Unit httpd@first.service has begun starting up.
Sep 10 08:08:22 localhost.localdomain kernel: xfs filesystem being remounted at /tmp supports timestamps until 2038Sep 10 08:08:22 localhost.localdomain kernel: xfs filesystem being remounted at /var/tmp supports timestamps until
Sep 10 08:08:22 localhost.localdomain httpd[1830]: httpd: Could not open configuration file /etc/httpd/conf/first.cSep 10 08:08:22 localhost.localdomain systemd[1]: httpd@first.service: main process exited, code=exited, status=1/FSep 10 08:08:22 localhost.localdomain systemd[1]: Failed to start The Apache HTTP Server.
-- Subject: Unit httpd@first.service has failed
-- Defined-By: systemd
-- Support: http://lists.freedesktop.org/mailman/listinfo/systemd-devel
--
-- Unit httpd@first.service has failed.
--
-- The result is failed.
Sep 10 08:08:22 localhost.localdomain systemd[1]: Unit httpd@first.service entered failed state.
Sep 10 08:08:22 localhost.localdomain systemd[1]: httpd@first.service failed.
Sep 10 08:08:22 localhost.localdomain polkitd[714]: Unregistered Authentication Agent for unix-process:1824:82190 (lines 1906-1931/1931 (END)
-- Support: http://lists.freedesktop.org/mailman/listinfo/systemd-devel
--
-- Unit system-httpd.slice has finished starting up.
--
-- The start-up result is done.
Sep 10 08:08:22 localhost.localdomain systemd[1]: Starting The Apache HTTP Server...
-- Subject: Unit httpd@first.service has begun start-up
-- Defined-By: systemd
-- Support: http://lists.freedesktop.org/mailman/listinfo/systemd-devel
--
-- Unit httpd@first.service has begun starting up.
Sep 10 08:08:22 localhost.localdomain kernel: xfs filesystem being remounted at /tmp supports timestamps until 2038
Sep 10 08:08:22 localhost.localdomain kernel: xfs filesystem being remounted at /var/tmp supports timestamps until 2Sep 10 08:08:22 localhost.localdomain httpd[1830]: httpd: Could not open configuration file /etc/httpd/conf/first.coSep 10 08:08:22 localhost.localdomain systemd[1]: httpd@first.service: main process exited, code=exited, status=1/FASep 10 08:08:22 localhost.localdomain systemd[1]: Failed to start The Apache HTTP Server.
-- Subject: Unit httpd@first.service has failed
-- Defined-By: systemd
-- Support: http://lists.freedesktop.org/mailman/listinfo/systemd-devel
--
-- Unit httpd@first.service has failed.
--
-- The result is failed.
Sep 10 08:08:22 localhost.localdomain systemd[1]: Unit httpd@first.service entered failed state.
Sep 10 08:08:22 localhost.localdomain systemd[1]: httpd@first.service failed.
Sep 10 08:08:22 localhost.localdomain polkitd[714]: Unregistered Authentication Agent for unix-process:1824:82190 (slines 1906-1931/1931 (END)
-- Support: http://lists.freedesktop.org/mailman/listinfo/systemd-devel
--
-- Unit system-httpd.slice has finished starting up.
--
-- The start-up result is done.
Sep 10 08:08:22 localhost.localdomain systemd[1]: Starting The Apache HTTP Server...
-- Subject: Unit httpd@first.service has begun start-up
-- Defined-By: systemd
-- Support: http://lists.freedesktop.org/mailman/listinfo/systemd-devel
--
-- Unit httpd@first.service has begun starting up.
Sep 10 08:08:22 localhost.localdomain kernel: xfs filesystem being remounted at /tmp supports timestamps until 2038 (Sep 10 08:08:22 localhost.localdomain kernel: xfs filesystem being remounted at /var/tmp supports timestamps until 20Sep 10 08:08:22 localhost.localdomain httpd[1830]: httpd: Could not open configuration file /etc/httpd/conf/first.conSep 10 08:08:22 localhost.localdomain systemd[1]: httpd@first.service: main process exited, code=exited, status=1/FAISep 10 08:08:22 localhost.localdomain systemd[1]: Failed to start The Apache HTTP Server.
-- Subject: Unit httpd@first.service has failed
-- Defined-By: systemd
-- Support: http://lists.freedesktop.org/mailman/listinfo/systemd-devel
--
-- Unit httpd@first.service has failed.
--
-- The result is failed.
Sep 10 08:08:22 localhost.localdomain systemd[1]: Unit httpd@first.service entered failed state.
Sep 10 08:08:22 localhost.localdomain systemd[1]: httpd@first.service failed.
Sep 10 08:08:22 localhost.localdomain polkitd[714]: Unregistered Authentication Agent for unix-process:1824:82190 (sylines 1906-1931/1931 (END)
-- Support: http://lists.freedesktop.org/mailman/listinfo/systemd-devel
--
-- Unit system-httpd.slice has finished starting up.
--
-- The start-up result is done.
Sep 10 08:08:22 localhost.localdomain systemd[1]: Starting The Apache HTTP Server...
-- Subject: Unit httpd@first.service has begun start-up
-- Defined-By: systemd
-- Support: http://lists.freedesktop.org/mailman/listinfo/systemd-devel
--
-- Unit httpd@first.service has begun starting up.
Sep 10 08:08:22 localhost.localdomain kernel: xfs filesystem being remounted at /tmp supports timestamps until 2038 (0Sep 10 08:08:22 localhost.localdomain kernel: xfs filesystem being remounted at /var/tmp supports timestamps until 203Sep 10 08:08:22 localhost.localdomain httpd[1830]: httpd: Could not open configuration file /etc/httpd/conf/first.confSep 10 08:08:22 localhost.localdomain systemd[1]: httpd@first.service: main process exited, code=exited, status=1/FAILSep 10 08:08:22 localhost.localdomain systemd[1]: Failed to start The Apache HTTP Server.
-- Subject: Unit httpd@first.service has failed
-- Defined-By: systemd
-- Support: http://lists.freedesktop.org/mailman/listinfo/systemd-devel
--
-- Unit httpd@first.service has failed.
--
-- The result is failed.
Sep 10 08:08:22 localhost.localdomain systemd[1]: Unit httpd@first.service entered failed state.
Sep 10 08:08:22 localhost.localdomain systemd[1]: httpd@first.service failed.
Sep 10 08:08:22 localhost.localdomain polkitd[714]: Unregistered Authentication Agent for unix-process:1824:82190 (syslines 1906-1931/1931 (END)
-- Support: http://lists.freedesktop.org/mailman/listinfo/systemd-devel
--
-- Unit system-httpd.slice has finished starting up.
--
-- The start-up result is done.
Sep 10 08:08:22 localhost.localdomain systemd[1]: Starting The Apache HTTP Server...
-- Subject: Unit httpd@first.service has begun start-up
-- Defined-By: systemd
-- Support: http://lists.freedesktop.org/mailman/listinfo/systemd-devel
--
-- Unit httpd@first.service has begun starting up.
Sep 10 08:08:22 localhost.localdomain kernel: xfs filesystem being remounted at /tmp supports timestamps until 2038 (0xSep 10 08:08:22 localhost.localdomain kernel: xfs filesystem being remounted at /var/tmp supports timestamps until 2038Sep 10 08:08:22 localhost.localdomain httpd[1830]: httpd: Could not open configuration file /etc/httpd/conf/first.conf:Sep 10 08:08:22 localhost.localdomain systemd[1]: httpd@first.service: main process exited, code=exited, status=1/FAILUSep 10 08:08:22 localhost.localdomain systemd[1]: Failed to start The Apache HTTP Server.
-- Subject: Unit httpd@first.service has failed
-- Defined-By: systemd
-- Support: http://lists.freedesktop.org/mailman/listinfo/systemd-devel
--
-- Unit httpd@first.service has failed.
--
-- The result is failed.
Sep 10 08:08:22 localhost.localdomain systemd[1]: Unit httpd@first.service entered failed state.
Sep 10 08:08:22 localhost.localdomain systemd[1]: httpd@first.service failed.
Sep 10 08:08:22 localhost.localdomain polkitd[714]: Unregistered Authentication Agent for unix-process:1824:82190 (systlines 1906-1931/1931 (END)
-- Support: http://lists.freedesktop.org/mailman/listinfo/systemd-devel
--
-- Unit system-httpd.slice has finished starting up.
--
-- The start-up result is done.
Sep 10 08:08:22 localhost.localdomain systemd[1]: Starting The Apache HTTP Server...
-- Subject: Unit httpd@first.service has begun start-up
-- Defined-By: systemd
-- Support: http://lists.freedesktop.org/mailman/listinfo/systemd-devel
--
-- Unit httpd@first.service has begun starting up.
Sep 10 08:08:22 localhost.localdomain kernel: xfs filesystem being remounted at /tmp supports timestamps until 2038 (0x7Sep 10 08:08:22 localhost.localdomain kernel: xfs filesystem being remounted at /var/tmp supports timestamps until 2038
Sep 10 08:08:22 localhost.localdomain httpd[1830]: httpd: Could not open configuration file /etc/httpd/conf/first.conf:
Sep 10 08:08:22 localhost.localdomain systemd[1]: httpd@first.service: main process exited, code=exited, status=1/FAILURSep 10 08:08:22 localhost.localdomain systemd[1]: Failed to start The Apache HTTP Server.
-- Subject: Unit httpd@first.service has failed
-- Defined-By: systemd
-- Support: http://lists.freedesktop.org/mailman/listinfo/systemd-devel
--
-- Unit httpd@first.service has failed.
--
-- The result is failed.
Sep 10 08:08:22 localhost.localdomain systemd[1]: Unit httpd@first.service entered failed state.
Sep 10 08:08:22 localhost.localdomain systemd[1]: httpd@first.service failed.
Sep 10 08:08:22 localhost.localdomain polkitd[714]: Unregistered Authentication Agent for unix-process:1824:82190 (systelines 1906-1931/1931 (END)
-- Support: http://lists.freedesktop.org/mailman/listinfo/systemd-devel
--
-- Unit system-httpd.slice has finished starting up.
--
-- The start-up result is done.
Sep 10 08:08:22 localhost.localdomain systemd[1]: Starting The Apache HTTP Server...
-- Subject: Unit httpd@first.service has begun start-up
-- Defined-By: systemd
-- Support: http://lists.freedesktop.org/mailman/listinfo/systemd-devel
--
-- Unit httpd@first.service has begun starting up.
Sep 10 08:08:22 localhost.localdomain kernel: xfs filesystem being remounted at /tmp supports timestamps until 2038 (0x7fSep 10 08:08:22 localhost.localdomain kernel: xfs filesystem being remounted at /var/tmp supports timestamps until 2038 (Sep 10 08:08:22 localhost.localdomain httpd[1830]: httpd: Could not open configuration file /etc/httpd/conf/first.conf: NSep 10 08:08:22 localhost.localdomain systemd[1]: httpd@first.service: main process exited, code=exited, status=1/FAILURESep 10 08:08:22 localhost.localdomain systemd[1]: Failed to start The Apache HTTP Server.
-- Subject: Unit httpd@first.service has failed
-- Defined-By: systemd
-- Support: http://lists.freedesktop.org/mailman/listinfo/systemd-devel
--
-- Unit httpd@first.service has failed.
--
-- The result is failed.
Sep 10 08:08:22 localhost.localdomain systemd[1]: Unit httpd@first.service entered failed state.
Sep 10 08:08:22 localhost.localdomain systemd[1]: httpd@first.service failed.
Sep 10 08:08:22 localhost.localdomain polkitd[714]: Unregistered Authentication Agent for unix-process:1824:82190 (systemlines 1906-1931/1931 (END)
-- Support: http://lists.freedesktop.org/mailman/listinfo/systemd-devel
--
-- Unit system-httpd.slice has finished starting up.
--
-- The start-up result is done.
Sep 10 08:08:22 localhost.localdomain systemd[1]: Starting The Apache HTTP Server...
-- Subject: Unit httpd@first.service has begun start-up
-- Defined-By: systemd
-- Support: http://lists.freedesktop.org/mailman/listinfo/systemd-devel
--
-- Unit httpd@first.service has begun starting up.
Sep 10 08:08:22 localhost.localdomain kernel: xfs filesystem being remounted at /tmp supports timestamps until 2038 (0x7ffSep 10 08:08:22 localhost.localdomain kernel: xfs filesystem being remounted at /var/tmp supports timestamps until 2038 (0Sep 10 08:08:22 localhost.localdomain httpd[1830]: httpd: Could not open configuration file /etc/httpd/conf/first.conf: NoSep 10 08:08:22 localhost.localdomain systemd[1]: httpd@first.service: main process exited, code=exited, status=1/FAILURE
Sep 10 08:08:22 localhost.localdomain systemd[1]: Failed to start The Apache HTTP Server.
-- Subject: Unit httpd@first.service has failed
-- Defined-By: systemd
-- Support: http://lists.freedesktop.org/mailman/listinfo/systemd-devel
--
-- Unit httpd@first.service has failed.
--
-- The result is failed.
Sep 10 08:08:22 localhost.localdomain systemd[1]: Unit httpd@first.service entered failed state.
Sep 10 08:08:22 localhost.localdomain systemd[1]: httpd@first.service failed.
Sep 10 08:08:22 localhost.localdomain polkitd[714]: Unregistered Authentication Agent for unix-process:1824:82190 (system
lines 1906-1931/1931 (END)
-- Support: http://lists.freedesktop.org/mailman/listinfo/systemd-devel
--
-- Unit system-httpd.slice has finished starting up.
--
-- The start-up result is done.
Sep 10 08:08:22 localhost.localdomain systemd[1]: Starting The Apache HTTP Server...
-- Subject: Unit httpd@first.service has begun start-up
-- Defined-By: systemd
-- Support: http://lists.freedesktop.org/mailman/listinfo/systemd-devel
--
-- Unit httpd@first.service has begun starting up.
Sep 10 08:08:22 localhost.localdomain kernel: xfs filesystem being remounted at /tmp supports timestamps until 2038 (0x7fffSep 10 08:08:22 localhost.localdomain kernel: xfs filesystem being remounted at /var/tmp supports timestamps until 2038 (0xSep 10 08:08:22 localhost.localdomain httpd[1830]: httpd: Could not open configuration file /etc/httpd/conf/first.conf: No
Sep 10 08:08:22 localhost.localdomain systemd[1]: httpd@first.service: main process exited, code=exited, status=1/FAILURE
Sep 10 08:08:22 localhost.localdomain systemd[1]: Failed to start The Apache HTTP Server.
-- Subject: Unit httpd@first.service has failed
-- Defined-By: systemd
-- Support: http://lists.freedesktop.org/mailman/listinfo/systemd-devel
--
-- Unit httpd@first.service has failed.
--
-- The result is failed.
Sep 10 08:08:22 localhost.localdomain systemd[1]: Unit httpd@first.service entered failed state.
Sep 10 08:08:22 localhost.localdomain systemd[1]: httpd@first.service failed.
Sep 10 08:08:22 localhost.localdomain polkitd[714]: Unregistered Authentication Agent for unix-process:1824:82190 (system blines 1906-1931/1931 (END)
-- Support: http://lists.freedesktop.org/mailman/listinfo/systemd-devel
--
-- Unit system-httpd.slice has finished starting up.
--
-- The start-up result is done.
Sep 10 08:08:22 localhost.localdomain systemd[1]: Starting The Apache HTTP Server...
-- Subject: Unit httpd@first.service has begun start-up
-- Defined-By: systemd
-- Support: http://lists.freedesktop.org/mailman/listinfo/systemd-devel
--
-- Unit httpd@first.service has begun starting up.
Sep 10 08:08:22 localhost.localdomain kernel: xfs filesystem being remounted at /tmp supports timestamps until 2038 (0x7ffffSep 10 08:08:22 localhost.localdomain kernel: xfs filesystem being remounted at /var/tmp supports timestamps until 2038 (0x7Sep 10 08:08:22 localhost.localdomain httpd[1830]: httpd: Could not open configuration file /etc/httpd/conf/first.conf: No sSep 10 08:08:22 localhost.localdomain systemd[1]: httpd@first.service: main process exited, code=exited, status=1/FAILURE
Sep 10 08:08:22 localhost.localdomain systemd[1]: Failed to start The Apache HTTP Server.
-- Subject: Unit httpd@first.service has failed
-- Defined-By: systemd
-- Support: http://lists.freedesktop.org/mailman/listinfo/systemd-devel
--
-- Unit httpd@first.service has failed.
--
-- The result is failed.
Sep 10 08:08:22 localhost.localdomain systemd[1]: Unit httpd@first.service entered failed state.
Sep 10 08:08:22 localhost.localdomain systemd[1]: httpd@first.service failed.
Sep 10 08:08:22 localhost.localdomain polkitd[714]: Unregistered Authentication Agent for unix-process:1824:82190 (system bulines 1906-1931/1931 (END)
-- Support: http://lists.freedesktop.org/mailman/listinfo/systemd-devel
--
-- Unit system-httpd.slice has finished starting up.
--
-- The start-up result is done.
Sep 10 08:08:22 localhost.localdomain systemd[1]: Starting The Apache HTTP Server...
-- Subject: Unit httpd@first.service has begun start-up
-- Defined-By: systemd
-- Support: http://lists.freedesktop.org/mailman/listinfo/systemd-devel
--
-- Unit httpd@first.service has begun starting up.
Sep 10 08:08:22 localhost.localdomain kernel: xfs filesystem being remounted at /tmp supports timestamps until 2038 (0x7fffffSep 10 08:08:22 localhost.localdomain kernel: xfs filesystem being remounted at /var/tmp supports timestamps until 2038 (0x7fSep 10 08:08:22 localhost.localdomain httpd[1830]: httpd: Could not open configuration file /etc/httpd/conf/first.conf: No suSep 10 08:08:22 localhost.localdomain systemd[1]: httpd@first.service: main process exited, code=exited, status=1/FAILURE
Sep 10 08:08:22 localhost.localdomain systemd[1]: Failed to start The Apache HTTP Server.
-- Subject: Unit httpd@first.service has failed
-- Defined-By: systemd
-- Support: http://lists.freedesktop.org/mailman/listinfo/systemd-devel
--
-- Unit httpd@first.service has failed.
--
-- The result is failed.
Sep 10 08:08:22 localhost.localdomain systemd[1]: Unit httpd@first.service entered failed state.
Sep 10 08:08:22 localhost.localdomain systemd[1]: httpd@first.service failed.
Sep 10 08:08:22 localhost.localdomain polkitd[714]: Unregistered Authentication Agent for unix-process:1824:82190 (system buslines 1906-1931/1931 (END)
-- Support: http://lists.freedesktop.org/mailman/listinfo/systemd-devel
--
-- Unit system-httpd.slice has finished starting up.
--
-- The start-up result is done.
Sep 10 08:08:22 localhost.localdomain systemd[1]: Starting The Apache HTTP Server...
-- Subject: Unit httpd@first.service has begun start-up
-- Defined-By: systemd
-- Support: http://lists.freedesktop.org/mailman/listinfo/systemd-devel
--
-- Unit httpd@first.service has begun starting up.
Sep 10 08:08:22 localhost.localdomain kernel: xfs filesystem being remounted at /tmp supports timestamps until 2038 (0x7ffffffSep 10 08:08:22 localhost.localdomain kernel: xfs filesystem being remounted at /var/tmp supports timestamps until 2038 (0x7ffSep 10 08:08:22 localhost.localdomain httpd[1830]: httpd: Could not open configuration file /etc/httpd/conf/first.conf: No sucSep 10 08:08:22 localhost.localdomain systemd[1]: httpd@first.service: main process exited, code=exited, status=1/FAILURE
Sep 10 08:08:22 localhost.localdomain systemd[1]: Failed to start The Apache HTTP Server.
-- Subject: Unit httpd@first.service has failed
-- Defined-By: systemd
-- Support: http://lists.freedesktop.org/mailman/listinfo/systemd-devel
--
-- Unit httpd@first.service has failed.
--
-- The result is failed.
Sep 10 08:08:22 localhost.localdomain systemd[1]: Unit httpd@first.service entered failed state.
Sep 10 08:08:22 localhost.localdomain systemd[1]: httpd@first.service failed.
Sep 10 08:08:22 localhost.localdomain polkitd[714]: Unregistered Authentication Agent for unix-process:1824:82190 (system bus
lines 1906-1931/1931 (END)
-- Support: http://lists.freedesktop.org/mailman/listinfo/systemd-devel
--
-- Unit system-httpd.slice has finished starting up.
--
-- The start-up result is done.
Sep 10 08:08:22 localhost.localdomain systemd[1]: Starting The Apache HTTP Server...
-- Subject: Unit httpd@first.service has begun start-up
-- Defined-By: systemd
-- Support: http://lists.freedesktop.org/mailman/listinfo/systemd-devel
--
-- Unit httpd@first.service has begun starting up.
Sep 10 08:08:22 localhost.localdomain kernel: xfs filesystem being remounted at /tmp supports timestamps until 2038 (0x7fffffffSep 10 08:08:22 localhost.localdomain kernel: xfs filesystem being remounted at /var/tmp supports timestamps until 2038 (0x7fffSep 10 08:08:22 localhost.localdomain httpd[1830]: httpd: Could not open configuration file /etc/httpd/conf/first.conf: No suchSep 10 08:08:22 localhost.localdomain systemd[1]: httpd@first.service: main process exited, code=exited, status=1/FAILURE
Sep 10 08:08:22 localhost.localdomain systemd[1]: Failed to start The Apache HTTP Server.
-- Subject: Unit httpd@first.service has failed
-- Defined-By: systemd
-- Support: http://lists.freedesktop.org/mailman/listinfo/systemd-devel
--
-- Unit httpd@first.service has failed.
--
-- The result is failed.
Sep 10 08:08:22 localhost.localdomain systemd[1]: Unit httpd@first.service entered failed state.
Sep 10 08:08:22 localhost.localdomain systemd[1]: httpd@first.service failed.
Sep 10 08:08:22 localhost.localdomain polkitd[714]: Unregistered Authentication Agent for unix-process:1824:82190 (system bus nlines 1906-1931/1931 (END)
-- Support: http://lists.freedesktop.org/mailman/listinfo/systemd-devel
--
-- Unit system-httpd.slice has finished starting up.
--
-- The start-up result is done.
Sep 10 08:08:22 localhost.localdomain systemd[1]: Starting The Apache HTTP Server...
-- Subject: Unit httpd@first.service has begun start-up
-- Defined-By: systemd
-- Support: http://lists.freedesktop.org/mailman/listinfo/systemd-devel
--
-- Unit httpd@first.service has begun starting up.
Sep 10 08:08:22 localhost.localdomain kernel: xfs filesystem being remounted at /tmp supports timestamps until 2038 (0x7fffffff)Sep 10 08:08:22 localhost.localdomain kernel: xfs filesystem being remounted at /var/tmp supports timestamps until 2038 (0x7ffffSep 10 08:08:22 localhost.localdomain httpd[1830]: httpd: Could not open configuration file /etc/httpd/conf/first.conf: No such
Sep 10 08:08:22 localhost.localdomain systemd[1]: httpd@first.service: main process exited, code=exited, status=1/FAILURE
Sep 10 08:08:22 localhost.localdomain systemd[1]: Failed to start The Apache HTTP Server.
-- Subject: Unit httpd@first.service has failed
-- Defined-By: systemd
-- Support: http://lists.freedesktop.org/mailman/listinfo/systemd-devel
--
-- Unit httpd@first.service has failed.
--
-- The result is failed.
Sep 10 08:08:22 localhost.localdomain systemd[1]: Unit httpd@first.service entered failed state.
Sep 10 08:08:22 localhost.localdomain systemd[1]: httpd@first.service failed.
Sep 10 08:08:22 localhost.localdomain polkitd[714]: Unregistered Authentication Agent for unix-process:1824:82190 (system bus nalines 1906-1931/1931 (END)
-- Support: http://lists.freedesktop.org/mailman/listinfo/systemd-devel
--
-- Unit system-httpd.slice has finished starting up.
--
-- The start-up result is done.
Sep 10 08:08:22 localhost.localdomain systemd[1]: Starting The Apache HTTP Server...
-- Subject: Unit httpd@first.service has begun start-up
-- Defined-By: systemd
-- Support: http://lists.freedesktop.org/mailman/listinfo/systemd-devel
--
-- Unit httpd@first.service has begun starting up.
Sep 10 08:08:22 localhost.localdomain kernel: xfs filesystem being remounted at /tmp supports timestamps until 2038 (0x7fffffff)
Sep 10 08:08:22 localhost.localdomain kernel: xfs filesystem being remounted at /var/tmp supports timestamps until 2038 (0x7fffffSep 10 08:08:22 localhost.localdomain httpd[1830]: httpd: Could not open configuration file /etc/httpd/conf/first.conf: No such fSep 10 08:08:22 localhost.localdomain systemd[1]: httpd@first.service: main process exited, code=exited, status=1/FAILURE
Sep 10 08:08:22 localhost.localdomain systemd[1]: Failed to start The Apache HTTP Server.
-- Subject: Unit httpd@first.service has failed
-- Defined-By: systemd
-- Support: http://lists.freedesktop.org/mailman/listinfo/systemd-devel
--
-- Unit httpd@first.service has failed.
--
-- The result is failed.
Sep 10 08:08:22 localhost.localdomain systemd[1]: Unit httpd@first.service entered failed state.
Sep 10 08:08:22 localhost.localdomain systemd[1]: httpd@first.service failed.
Sep 10 08:08:22 localhost.localdomain polkitd[714]: Unregistered Authentication Agent for unix-process:1824:82190 (system bus namlines 1906-1931/1931 (END)
-- Support: http://lists.freedesktop.org/mailman/listinfo/systemd-devel
--
-- Unit system-httpd.slice has finished starting up.
--
-- The start-up result is done.
Sep 10 08:08:22 localhost.localdomain systemd[1]: Starting The Apache HTTP Server...
-- Subject: Unit httpd@first.service has begun start-up
-- Defined-By: systemd
-- Support: http://lists.freedesktop.org/mailman/listinfo/systemd-devel
--
-- Unit httpd@first.service has begun starting up.
Sep 10 08:08:22 localhost.localdomain kernel: xfs filesystem being remounted at /tmp supports timestamps until 2038 (0x7fffffff)
Sep 10 08:08:22 localhost.localdomain kernel: xfs filesystem being remounted at /var/tmp supports timestamps until 2038 (0x7ffffffSep 10 08:08:22 localhost.localdomain httpd[1830]: httpd: Could not open configuration file /etc/httpd/conf/first.conf: No such fiSep 10 08:08:22 localhost.localdomain systemd[1]: httpd@first.service: main process exited, code=exited, status=1/FAILURE
Sep 10 08:08:22 localhost.localdomain systemd[1]: Failed to start The Apache HTTP Server.
-- Subject: Unit httpd@first.service has failed
-- Defined-By: systemd
-- Support: http://lists.freedesktop.org/mailman/listinfo/systemd-devel
--
-- Unit httpd@first.service has failed.
--
-- The result is failed.
Sep 10 08:08:22 localhost.localdomain systemd[1]: Unit httpd@first.service entered failed state.
Sep 10 08:08:22 localhost.localdomain systemd[1]: httpd@first.service failed.
Sep 10 08:08:22 localhost.localdomain polkitd[714]: Unregistered Authentication Agent for unix-process:1824:82190 (system bus namelines 1906-1931/1931 (END)
-- Support: http://lists.freedesktop.org/mailman/listinfo/systemd-devel
--
-- Unit system-httpd.slice has finished starting up.
--
-- The start-up result is done.
Sep 10 08:08:22 localhost.localdomain systemd[1]: Starting The Apache HTTP Server...
-- Subject: Unit httpd@first.service has begun start-up
-- Defined-By: systemd
-- Support: http://lists.freedesktop.org/mailman/listinfo/systemd-devel
--
-- Unit httpd@first.service has begun starting up.
Sep 10 08:08:22 localhost.localdomain kernel: xfs filesystem being remounted at /tmp supports timestamps until 2038 (0x7fffffff)
Sep 10 08:08:22 localhost.localdomain kernel: xfs filesystem being remounted at /var/tmp supports timestamps until 2038 (0x7fffffffSep 10 08:08:22 localhost.localdomain httpd[1830]: httpd: Could not open configuration file /etc/httpd/conf/first.conf: No such filSep 10 08:08:22 localhost.localdomain systemd[1]: httpd@first.service: main process exited, code=exited, status=1/FAILURE
Sep 10 08:08:22 localhost.localdomain systemd[1]: Failed to start The Apache HTTP Server.
-- Subject: Unit httpd@first.service has failed
-- Defined-By: systemd
-- Support: http://lists.freedesktop.org/mailman/listinfo/systemd-devel
--
-- Unit httpd@first.service has failed.
--
-- The result is failed.
Sep 10 08:08:22 localhost.localdomain systemd[1]: Unit httpd@first.service entered failed state.
Sep 10 08:08:22 localhost.localdomain systemd[1]: httpd@first.service failed.
Sep 10 08:08:22 localhost.localdomain polkitd[714]: Unregistered Authentication Agent for unix-process:1824:82190 (system bus name
lines 1906-1931/1931 (END)
-- Support: http://lists.freedesktop.org/mailman/listinfo/systemd-devel
--
-- Unit system-httpd.slice has finished starting up.
--
-- The start-up result is done.
Sep 10 08:08:22 localhost.localdomain systemd[1]: Starting The Apache HTTP Server...
-- Subject: Unit httpd@first.service has begun start-up
-- Defined-By: systemd
-- Support: http://lists.freedesktop.org/mailman/listinfo/systemd-devel
--
-- Unit httpd@first.service has begun starting up.
Sep 10 08:08:22 localhost.localdomain kernel: xfs filesystem being remounted at /tmp supports timestamps until 2038 (0x7fffffff)
Sep 10 08:08:22 localhost.localdomain kernel: xfs filesystem being remounted at /var/tmp supports timestamps until 2038 (0x7fffffff)
Sep 10 08:08:22 localhost.localdomain httpd[1830]: httpd: Could not open configuration file /etc/httpd/conf/first.conf: No such file
Sep 10 08:08:22 localhost.localdomain systemd[1]: httpd@first.service: main process exited, code=exited, status=1/FAILURE
Sep 10 08:08:22 localhost.localdomain systemd[1]: Failed to start The Apache HTTP Server.
-- Subject: Unit httpd@first.service has failed
-- Defined-By: systemd
-- Support: http://lists.freedesktop.org/mailman/listinfo/systemd-devel
--
-- Unit httpd@first.service has failed.
--
-- The result is failed.
Sep 10 08:08:22 localhost.localdomain systemd[1]: Unit httpd@first.service entered failed state.
Sep 10 08:08:22 localhost.localdomain systemd[1]: httpd@first.service failed.
Sep 10 08:08:22 localhost.localdomain polkitd[714]: Unregistered Authentication Agent for unix-process:1824:82190 (system bus name :
[root@localhost vagrant]# ls /etc/
adjtime                  DIR_COLORS               init.d                    modules-load.d     python          statetab
aliases                  DIR_COLORS.256color      inittab                   motd               rc0.d           statetab.d
aliases.db               DIR_COLORS.lightbgcolor  inputrc                   mtab               rc1.d           subgid
alternatives             dracut.conf              iproute2                  my.cnf             rc2.d           subuid
anacrontab               dracut.conf.d            issue                     my.cnf.d           rc3.d           sudo.conf
asound.conf              e2fsck.conf              issue.net                 NetworkManager     rc4.d           sudoers
audisp                   environment              kdump.conf                networks           rc5.d           sudoers.d
audit                    ethertypes               kernel                    nsswitch.conf      rc6.d           sudo-ldap.conf
bash_completion.d        exports                  krb5.conf                 nsswitch.conf.bak  rc.d            sysconfig
bashrc                   favicon.png              krb5.conf.d               openldap           rc.local        sysctl.conf
binfmt.d                 filesystems              ld.so.cache               opt                redhat-release  sysctl.d
centos-release           firewalld                ld.so.conf                os-release         resolv.conf     systemd
centos-release-upstream  fstab                    ld.so.conf.d              pam.d              rpc             system-release
chkconfig.d              gcrypt                   libaudit.conf             passwd             rpm             system-release-cpe
chrony.conf              gnupg                    libnl                     passwd-            rsyslog.conf    terminfo
chrony.keys              GREP_COLORS              libuser.conf              php.d              rsyslog.d       tmpfiles.d
cron.d                   groff                    locale.conf               php.ini            rwtab           tuned
cron.daily               group                    localtime                 pkcs11             rwtab.d         udev
cron.deny                group-                   login.defs                pki                sasl2           vconsole.conf
cron.hourly              grub2.cfg                logrotate.conf            plymouth           securetty       virc
cron.monthly             grub.d                   logrotate.d               pm                 security        wpa_supplicant
crontab                  gshadow                  lvm                       polkit-1           selinux         X11
cron.weekly              gshadow-                 machine-id                popt.d             services        xdg
crypttab                 gss                      magic                     postfix            sestatus.conf   xinetd.d
csh.cshrc                host.conf                mailcap                   ppp                shadow          yum
csh.login                hostname                 makedumpfile.conf.sample  prelink.conf.d     shadow-         yum.conf
dbus-1                   hosts                    man_db.conf               printcap           shells          yum.repos.d
default                  hosts.allow              mime.types                profile            skel
depmod.d                 hosts.deny               mke2fs.conf               profile.d          ssh
dhcp                     httpd                    modprobe.d                protocols          ssl
[root@localhost vagrant]# ls -l /etc/httpd/
total 0
drwxr-xr-x 2 root root  37 Sep  7 07:59 conf
drwxr-xr-x 2 root root  98 Sep  7 07:59 conf.d
drwxr-xr-x 2 root root 165 Sep  7 07:59 conf.modules.d
lrwxrwxrwx 1 root root  19 Sep  7 07:59 logs -> ../../var/log/httpd
lrwxrwxrwx 1 root root  29 Sep  7 07:59 modules -> ../../usr/lib64/httpd/modules
lrwxrwxrwx 1 root root  10 Sep  7 07:59 run -> /run/httpd
[root@localhost vagrant]# cp /etc/sysconfig/first.conf /etc/httpd/conf/
[root@localhost vagrant]# ls -l /etc/httpd/
total 0
drwxr-xr-x 2 root root  55 Sep 10 08:13 conf
drwxr-xr-x 2 root root  98 Sep  7 07:59 conf.d
drwxr-xr-x 2 root root 165 Sep  7 07:59 conf.modules.d
lrwxrwxrwx 1 root root  19 Sep  7 07:59 logs -> ../../var/log/httpd
lrwxrwxrwx 1 root root  29 Sep  7 07:59 modules -> ../../usr/lib64/httpd/modules
lrwxrwxrwx 1 root root  10 Sep  7 07:59 run -> /run/httpd
[root@localhost vagrant]# ls -l /etc/httpd/conf/
total 32
-rw-r--r-- 1 root root    67 Sep 10 08:13 first.conf
-rw-r--r-- 1 root root 11753 Jan 13  2022 httpd.conf
-rw-r--r-- 1 root root 13064 Mar 24 14:58 magic
[root@localhost vagrant]# cp /etc/sysconfig/second.conf /etc/httpd/conf/
[root@localhost vagrant]# ls -l /etc/httpd/conf/
total 36
-rw-r--r-- 1 root root    67 Sep 10 08:13 first.conf
-rw-r--r-- 1 root root 11753 Jan 13  2022 httpd.conf
-rw-r--r-- 1 root root 13064 Mar 24 14:58 magic
-rw-r--r-- 1 root root    69 Sep 10 08:13 second.conf
[root@localhost vagrant]# systemctl start httpd@first
Job for httpd@first.service failed because the control process exited with error code. See "systemctl status httpd@first.service" and "journalctl -xe" for details.
[root@localhost vagrant]# journalctl -xe
--
-- Unit systemd-tmpfiles-clean.service has finished starting up.
--
-- The start-up result is done.
Sep 10 08:11:04 localhost.localdomain chronyd[728]: Selected source 85.21.78.91
Sep 10 08:13:59 localhost.localdomain polkitd[714]: Registered Authentication Agent for unix-process:1849:115932 (system bus name :1
Sep 10 08:13:59 localhost.localdomain systemd[1]: Starting The Apache HTTP Server...
-- Subject: Unit httpd@first.service has begun start-up
-- Defined-By: systemd
-- Support: http://lists.freedesktop.org/mailman/listinfo/systemd-devel
--
-- Unit httpd@first.service has begun starting up.
Sep 10 08:13:59 localhost.localdomain kernel: xfs filesystem being remounted at /tmp supports timestamps until 2038 (0x7fffffff)
Sep 10 08:13:59 localhost.localdomain kernel: xfs filesystem being remounted at /var/tmp supports timestamps until 2038 (0x7fffffff)
Sep 10 08:13:59 localhost.localdomain httpd[1855]: AH00534: httpd: Configuration error: No MPM loaded.
Sep 10 08:13:59 localhost.localdomain systemd[1]: httpd@first.service: main process exited, code=exited, status=1/FAILURE
Sep 10 08:13:59 localhost.localdomain systemd[1]: Failed to start The Apache HTTP Server.
-- Subject: Unit httpd@first.service has failed
-- Defined-By: systemd
-- Support: http://lists.freedesktop.org/mailman/listinfo/systemd-devel
--
-- Unit httpd@first.service has failed.
--
-- The result is failed.
Sep 10 08:13:59 localhost.localdomain systemd[1]: Unit httpd@first.service entered failed state.
Sep 10 08:13:59 localhost.localdomain systemd[1]: httpd@first.service failed.
Sep 10 08:13:59 localhost.localdomain polkitd[714]: Unregistered Authentication Agent for unix-process:1849:115932 (system bus name
[root@localhost vagrant]# cat /etc/httpd/conf/httpd.conf
#
# This is the main Apache HTTP server configuration file.  It contains the
# configuration directives that give the server its instructions.
# See <URL:http://httpd.apache.org/docs/2.4/> for detailed information.
# In particular, see
# <URL:http://httpd.apache.org/docs/2.4/mod/directives.html>
# for a discussion of each configuration directive.
#
# Do NOT simply read the instructions in here without understanding
# what they do.  They're here only as hints or reminders.  If you are unsure
# consult the online docs. You have been warned.
#
# Configuration and logfile names: If the filenames you specify for many
# of the server's control files begin with "/" (or "drive:/" for Win32), the
# server will use that explicit path.  If the filenames do *not* begin
# with "/", the value of ServerRoot is prepended -- so 'log/access_log'
# with ServerRoot set to '/www' will be interpreted by the
# server as '/www/log/access_log', where as '/log/access_log' will be
# interpreted as '/log/access_log'.

#
# ServerRoot: The top of the directory tree under which the server's
# configuration, error, and log files are kept.
#
# Do not add a slash at the end of the directory path.  If you point
# ServerRoot at a non-local disk, be sure to specify a local disk on the
# Mutex directive, if file-based mutexes are used.  If you wish to share the
# same ServerRoot for multiple httpd daemons, you will need to change at
# least PidFile.
#
ServerRoot "/etc/httpd"

#
# Listen: Allows you to bind Apache to specific IP addresses and/or
# ports, instead of the default. See also the <VirtualHost>
# directive.
#
# Change this to Listen on specific IP addresses as shown below to
# prevent Apache from glomming onto all bound IP addresses.
#
#Listen 12.34.56.78:80
Listen 80

#
# Dynamic Shared Object (DSO) Support
#
# To be able to use the functionality of a module which was built as a DSO you
# have to place corresponding `LoadModule' lines at this location so the
# directives contained in it are actually available _before_ they are used.
# Statically compiled modules (those listed by `httpd -l') do not need
# to be loaded here.
#
# Example:
# LoadModule foo_module modules/mod_foo.so
#
Include conf.modules.d/*.conf

#
# If you wish httpd to run as a different user or group, you must run
# httpd as root initially and it will switch.
#
# User/Group: The name (or #number) of the user/group to run httpd as.
# It is usually good practice to create a dedicated user and group for
# running httpd, as with most system services.
#
User apache
Group apache

# 'Main' server configuration
#
# The directives in this section set up the values used by the 'main'
# server, which responds to any requests that aren't handled by a
# <VirtualHost> definition.  These values also provide defaults for
# any <VirtualHost> containers you may define later in the file.
#
# All of these directives may appear inside <VirtualHost> containers,
# in which case these default settings will be overridden for the
# virtual host being defined.
#

#
# ServerAdmin: Your address, where problems with the server should be
# e-mailed.  This address appears on some server-generated pages, such
# as error documents.  e.g. admin@your-domain.com
#
ServerAdmin root@localhost

#
# ServerName gives the name and port that the server uses to identify itself.
# This can often be determined automatically, but we recommend you specify
# it explicitly to prevent problems during startup.
#
# If your host doesn't have a registered DNS name, enter its IP address here.
#
#ServerName www.example.com:80

#
# Deny access to the entirety of your server's filesystem. You must
# explicitly permit access to web content directories in other
# <Directory> blocks below.
#
<Directory />
    AllowOverride none
    Require all denied
</Directory>

#
# Note that from this point forward you must specifically allow
# particular features to be enabled - so if something's not working as
# you might expect, make sure that you have specifically enabled it
# below.
#

#
# DocumentRoot: The directory out of which you will serve your
# documents. By default, all requests are taken from this directory, but
# symbolic links and aliases may be used to point to other locations.
#
DocumentRoot "/var/www/html"

#
# Relax access to content within /var/www.
#
<Directory "/var/www">
    AllowOverride None
    # Allow open access:
    Require all granted
</Directory>

# Further relax access to the default document root:
<Directory "/var/www/html">
    #
    # Possible values for the Options directive are "None", "All",
    # or any combination of:
    #   Indexes Includes FollowSymLinks SymLinksifOwnerMatch ExecCGI MultiViews
    #
    # Note that "MultiViews" must be named *explicitly* --- "Options All"
    # doesn't give it to you.
    #
    # The Options directive is both complicated and important.  Please see
    # http://httpd.apache.org/docs/2.4/mod/core.html#options
    # for more information.
    #
    Options Indexes FollowSymLinks

    #
    # AllowOverride controls what directives may be placed in .htaccess files.
    # It can be "All", "None", or any combination of the keywords:
    #   Options FileInfo AuthConfig Limit
    #
    AllowOverride None

    #
    # Controls who can get stuff from this server.
    #
    Require all granted
</Directory>

#
# DirectoryIndex: sets the file that Apache will serve if a directory
# is requested.
#
<IfModule dir_module>
    DirectoryIndex index.html
</IfModule>

#
# The following lines prevent .htaccess and .htpasswd files from being
# viewed by Web clients.
#
<Files ".ht*">
    Require all denied
</Files>

#
# ErrorLog: The location of the error log file.
# If you do not specify an ErrorLog directive within a <VirtualHost>
# container, error messages relating to that virtual host will be
# logged here.  If you *do* define an error logfile for a <VirtualHost>
# container, that host's errors will be logged there and not here.
#
ErrorLog "logs/error_log"

#
# LogLevel: Control the number of messages logged to the error_log.
# Possible values include: debug, info, notice, warn, error, crit,
# alert, emerg.
#
LogLevel warn

<IfModule log_config_module>
    #
    # The following directives define some format nicknames for use with
    # a CustomLog directive (see below).
    #
    LogFormat "%h %l %u %t \"%r\" %>s %b \"%{Referer}i\" \"%{User-Agent}i\"" combined
    LogFormat "%h %l %u %t \"%r\" %>s %b" common

    <IfModule logio_module>
      # You need to enable mod_logio.c to use %I and %O
      LogFormat "%h %l %u %t \"%r\" %>s %b \"%{Referer}i\" \"%{User-Agent}i\" %I %O" combinedio
    </IfModule>

    #
    # The location and format of the access logfile (Common Logfile Format).
    # If you do not define any access logfiles within a <VirtualHost>
    # container, they will be logged here.  Contrariwise, if you *do*
    # define per-<VirtualHost> access logfiles, transactions will be
    # logged therein and *not* in this file.
    #
    #CustomLog "logs/access_log" common

    #
    # If you prefer a logfile with access, agent, and referer information
    # (Combined Logfile Format) you can use the following directive.
    #
    CustomLog "logs/access_log" combined
</IfModule>

<IfModule alias_module>
    #
    # Redirect: Allows you to tell clients about documents that used to
    # exist in your server's namespace, but do not anymore. The client
    # will make a new request for the document at its new location.
    # Example:
    # Redirect permanent /foo http://www.example.com/bar

    #
    # Alias: Maps web paths into filesystem paths and is used to
    # access content that does not live under the DocumentRoot.
    # Example:
    # Alias /webpath /full/filesystem/path
    #
    # If you include a trailing / on /webpath then the server will
    # require it to be present in the URL.  You will also likely
    # need to provide a <Directory> section to allow access to
    # the filesystem path.

    #
    # ScriptAlias: This controls which directories contain server scripts.
    # ScriptAliases are essentially the same as Aliases, except that
    # documents in the target directory are treated as applications and
    # run by the server when requested rather than as documents sent to the
    # client.  The same rules about trailing "/" apply to ScriptAlias
    # directives as to Alias.
    #
    ScriptAlias /cgi-bin/ "/var/www/cgi-bin/"

</IfModule>

#
# "/var/www/cgi-bin" should be changed to whatever your ScriptAliased
# CGI directory exists, if you have that configured.
#
<Directory "/var/www/cgi-bin">
    AllowOverride None
    Options None
    Require all granted
</Directory>

<IfModule mime_module>
    #
    # TypesConfig points to the file containing the list of mappings from
    # filename extension to MIME-type.
    #
    TypesConfig /etc/mime.types

    #
    # AddType allows you to add to or override the MIME configuration
    # file specified in TypesConfig for specific file types.
    #
    #AddType application/x-gzip .tgz
    #
    # AddEncoding allows you to have certain browsers uncompress
    # information on the fly. Note: Not all browsers support this.
    #
    #AddEncoding x-compress .Z
    #AddEncoding x-gzip .gz .tgz
    #
    # If the AddEncoding directives above are commented-out, then you
    # probably should define those extensions to indicate media types:
    #
    AddType application/x-compress .Z
    AddType application/x-gzip .gz .tgz

    #
    # AddHandler allows you to map certain file extensions to "handlers":
    # actions unrelated to filetype. These can be either built into the server
    # or added with the Action directive (see below)
    #
    # To use CGI scripts outside of ScriptAliased directories:
    # (You will also need to add "ExecCGI" to the "Options" directive.)
    #
    #AddHandler cgi-script .cgi

    # For type maps (negotiated resources):
    #AddHandler type-map var

    #
    # Filters allow you to process content before it is sent to the client.
    #
    # To parse .shtml files for server-side includes (SSI):
    # (You will also need to add "Includes" to the "Options" directive.)
    #
    AddType text/html .shtml
    AddOutputFilter INCLUDES .shtml
</IfModule>

#
# Specify a default charset for all content served; this enables
# interpretation of all content as UTF-8 by default.  To use the
# default browser choice (ISO-8859-1), or to allow the META tags
# in HTML content to override this choice, comment out this
# directive:
#
AddDefaultCharset UTF-8

<IfModule mime_magic_module>
    #
    # The mod_mime_magic module allows the server to use various hints from the
    # contents of the file itself to determine its type.  The MIMEMagicFile
    # directive tells the module where the hint definitions are located.
    #
    MIMEMagicFile conf/magic
</IfModule>

#
# Customizable error responses come in three flavors:
# 1) plain text 2) local redirects 3) external redirects
#
# Some examples:
#ErrorDocument 500 "The server made a boo boo."
#ErrorDocument 404 /missing.html
#ErrorDocument 404 "/cgi-bin/missing_handler.pl"
#ErrorDocument 402 http://www.example.com/subscription_info.html
#

#
# EnableMMAP and EnableSendfile: On systems that support it,
# memory-mapping or the sendfile syscall may be used to deliver
# files.  This usually improves server performance, but must
# be turned off when serving from networked-mounted
# filesystems or if support for these functions is otherwise
# broken on your system.
# Defaults if commented: EnableMMAP On, EnableSendfile Off
#
#EnableMMAP off
EnableSendfile on

# Supplemental configuration
#
# Load config files in the "/etc/httpd/conf.d" directory, if any.
IncludeOptional conf.d/*.conf
[root@localhost vagrant]# cat /etc/httpd/conf.
conf.d/         conf.modules.d/
[root@localhost vagrant]# cat /etc/httpd/conf.
conf.d/         conf.modules.d/
[root@localhost vagrant]# cat /etc/httpd/conf.d/
cat: /etc/httpd/conf.d/: Is a directory
[root@localhost vagrant]# ll /etc/httpd/conf.d/
total 20
-rw-r--r-- 1 root root 2926 Mar 24 14:57 autoindex.conf
-rw-r--r-- 1 root root  691 Apr  1  2020 php.conf
-rw-r--r-- 1 root root  366 Mar 24 14:58 README
-rw-r--r-- 1 root root 1252 Jan  7  2022 userdir.conf
-rw-r--r-- 1 root root  824 Jan 13  2022 welcome.conf
[root@localhost vagrant]# cat /etc/httpd/conf/first.conf
#/etc/sysconfig/first
PidFile /var/run/httpd-first.pid
Listen 8080
[root@localhost vagrant]# vi /etc/httpd/conf/first.conf
[root@localhost vagrant]# cat /etc/httpd/conf/first.conf
#/etc/sysconfig/first
PidFile /var/run/httpd-first.pid
Listen 8082
[root@localhost vagrant]# systemctl start httpd@second
Job for httpd@second.service failed because the control process exited with error code. See "systemctl status httpd@second.service" and "journalctl -xe" for details.
[root@localhost vagrant]# systemctl status httpd@second
● httpd@second.service - The Apache HTTP Server
   Loaded: loaded (/etc/systemd/system/httpd@.service; disabled; vendor preset: disabled)
   Active: failed (Result: exit-code) since Sat 2022-09-10 08:20:01 UTC; 17s ago
     Docs: man:httpd(8)
           man:apachectl(8)
  Process: 1876 ExecStart=/usr/sbin/httpd $OPTIONS -DFOREGROUND (code=exited, status=1/FAILURE)
 Main PID: 1876 (code=exited, status=1/FAILURE)

Sep 10 08:20:01 localhost.localdomain systemd[1]: Starting The Apache HTTP Server...
Sep 10 08:20:01 localhost.localdomain httpd[1876]: AH00534: httpd: Configuration error: No MPM loaded.
Sep 10 08:20:01 localhost.localdomain systemd[1]: httpd@second.service: main process exited, code=exited, status=1/FAILURE
Sep 10 08:20:01 localhost.localdomain systemd[1]: Failed to start The Apache HTTP Server.
Sep 10 08:20:01 localhost.localdomain systemd[1]: Unit httpd@second.service entered failed state.
Sep 10 08:20:01 localhost.localdomain systemd[1]: httpd@second.service failed.
[root@localhost vagrant]# systemctl status httpd.service
● httpd.service - The Apache HTTP Server
   Loaded: loaded (/usr/lib/systemd/system/httpd.service; disabled; vendor preset: disabled)
   Active: active (running) since Sat 2022-09-10 08:00:07 UTC; 21min ago
     Docs: man:httpd(8)
           man:apachectl(8)
 Main PID: 1795 (httpd)
   Status: "Total requests: 0; Current requests/sec: 0; Current traffic:   0 B/sec"
   CGroup: /system.slice/httpd.service
           ├─1795 /usr/sbin/httpd -DFOREGROUND
           ├─1796 /usr/sbin/httpd -DFOREGROUND
           ├─1797 /usr/sbin/httpd -DFOREGROUND
           ├─1798 /usr/sbin/httpd -DFOREGROUND
           ├─1799 /usr/sbin/httpd -DFOREGROUND
           └─1800 /usr/sbin/httpd -DFOREGROUND

Sep 10 08:00:07 localhost.localdomain systemd[1]: Starting The Apache HTTP Server...
Sep 10 08:00:07 localhost.localdomain httpd[1795]: AH00558: httpd: Could not reliably determine the server's fully qualifie...essage
Sep 10 08:00:07 localhost.localdomain systemd[1]: Started The Apache HTTP Server.
Hint: Some lines were ellipsized, use -l to show in full.
[root@localhost vagrant]# systemctl stop httpd.service
[root@localhost vagrant]# systemctl start httpd@second
Job for httpd@second.service failed because the control process exited with error code. See "systemctl status httpd@second.service" and "journalctl -xe" for details.
[root@localhost vagrant]# cd /etc/httpd/conf/
[root@localhost conf]# ls
first.conf  httpd.conf  magic  second.conf
[root@localhost conf]# rm first.conf
rm: remove regular file ‘first.conf’? y
[root@localhost conf]# cp httpd.conf first.conf
[root@localhost conf]# ls
first.conf  httpd.conf  magic  second.conf
[root@localhost conf]# vi first.conf
[root@localhost conf]# rm second.conf
rm: remove regular file ‘second.conf’? y
[root@localhost conf]# cp httpd.conf second.conf
[root@localhost conf]# vi second.conf
[root@localhost conf]# systemctl start httpd@second
Job for httpd@second.service failed because the control process exited with error code. See "systemctl status httpd@second.service" and "journalctl -xe" for details.
[root@localhost conf]# vi second.conf
[root@localhost conf]# systemctl start httpd@second
[root@localhost conf]# systemctl start httpd@secon
Job for httpd@secon.service failed because a configured resource limit was exceeded. See "systemctl status httpd@secon.service" and "journalctl -xe" for details.
[root@localhost conf]# systemctl start httpd@first
[root@localhost conf]# cd /etc/sysconfig
[root@localhost sysconfig]# ls
anaconda    console          firewalld     httpd         ip6tables-config  kernel      network          rsyslog      spawn-fcgi
authconfig  cpupower         first.conf    httpd-first   iptables-config   man-db      network-scripts  run-parts    sshd
cbq         crond            grub          httpd-second  irqbalance        modules     rdisc            second.conf  watchlog
chronyd     ebtables-config  htcacheclean  init          kdump             netconsole  readonly-root    selinux      wpa_supplicant
[root@localhost sysconfig]# rm first.conf
rm: remove regular file ‘first.conf’? y
[root@localhost sysconfig]# rm second.conf
rm: remove regular file ‘second.conf’? y
[root@localhost sysconfig]#
[root@localhost sysconfig]#
[root@localhost sysconfig]#
[root@localhost sysconfig]#
[root@localhost sysconfig]#
[root@localhost sysconfig]#
[root@localhost sysconfig]#
[root@localhost sysconfig]#
[root@localhost sysconfig]#
[root@localhost sysconfig]#
[root@localhost sysconfig]#
[root@localhost sysconfig]#
[root@localhost sysconfig]#
[root@localhost sysconfig]#
[root@localhost sysconfig]#
[root@localhost sysconfig]#
[root@localhost sysconfig]#
[root@localhost sysconfig]#
[root@localhost sysconfig]#
[root@localhost sysconfig]#
[root@localhost sysconfig]#
[root@localhost sysconfig]#
[root@localhost sysconfig]#
[root@localhost sysconfig]# ls -l
total 112
-rw-r--r--. 1 root root  145 May 14 14:51 anaconda
-rw-r--r--. 1 root root  483 May 14 14:50 authconfig
drwxr-xr-x. 2 root root   43 May 14 14:48 cbq
-rw-r--r--. 1 root root   46 Aug  8  2019 chronyd
drwxr-xr-x. 2 root root    6 Nov 16  2020 console
-rw-r--r--  1 root root  150 Apr  5 17:08 cpupower
-rw-------  1 root root  110 Jan 13  2022 crond
-rw-------. 1 root root 1390 Apr 11  2018 ebtables-config
-rw-r--r--  1 root root   73 Apr 28  2021 firewalld
lrwxrwxrwx  1 root root   15 May 14 14:55 grub -> ../default/grub
-rw-r--r--  1 root root  348 Jan  7  2022 htcacheclean
-rw-r--r--  1 root root  802 Jan 13  2022 httpd
-rw-r--r--  1 root root  819 Sep  7 23:51 httpd-first
-rw-r--r--  1 root root  820 Sep  7 23:51 httpd-second
-rw-r--r--  1 root root  798 Nov 16  2020 init
-rw-------. 1 root root 2134 Oct  1  2020 ip6tables-config
-rw-------. 1 root root 2116 Oct  1  2020 iptables-config
-rw-r--r--. 1 root root  903 Aug  6  2019 irqbalance
-rw-r--r--  1 root root 1729 Jun  9  2021 kdump
-rw-r--r--. 1 root root  180 May 14 14:50 kernel
-rw-r--r--. 1 root root  200 Oct 30  2018 man-db
drwxr-xr-x. 2 root root    6 Nov 16  2020 modules
-rw-r--r--  1 root root  634 Nov 16  2020 netconsole
-rw-r--r--  1 root root   22 May 14 14:55 network
drwxr-xr-x. 2 root root 4096 May 14 14:55 network-scripts
-rw-r--r--. 1 root root   15 Aug  4  2017 rdisc
-rw-r--r--  1 root root  905 Nov 16  2020 readonly-root
-rw-r--r--  1 root root  196 Jan  7  2022 rsyslog
-rw-r--r--. 1 root root    0 Jun  9  2014 run-parts
lrwxrwxrwx. 1 root root   17 May 14 14:49 selinux -> ../selinux/config
-rw-------  1 root root  361 Sep  7 08:01 spawn-fcgi
-rw-r-----  1 root root  506 Nov 24  2021 sshd
-rw-r--r--  1 root root  154 Sep  7 02:31 watchlog
-rw-r--r--  1 root root  610 Mar 16  2021 wpa_supplicant
[root@localhost sysconfig]# vi second.conf
[root@localhost sysconfig]# pwd
/etc/sysconfig
[root@localhost sysconfig]# vi /etc/httpd/conf/second.conf
[root@localhost sysconfig]# systemctl status httpd@first
● httpd@first.service - The Apache HTTP Server
   Loaded: loaded (/etc/systemd/system/httpd@.service; disabled; vendor preset: disabled)
   Active: active (running) since Sat 2022-09-10 08:43:21 UTC; 14min ago
     Docs: man:httpd(8)
           man:apachectl(8)
 Main PID: 1958 (httpd)
   Status: "Total requests: 0; Current requests/sec: 0; Current traffic:   0 B/sec"
   CGroup: /system.slice/system-httpd.slice/httpd@first.service
           ├─1958 /usr/sbin/httpd -f conf/first.conf -DFOREGROUND
           ├─1959 /usr/sbin/httpd -f conf/first.conf -DFOREGROUND
           ├─1960 /usr/sbin/httpd -f conf/first.conf -DFOREGROUND
           ├─1961 /usr/sbin/httpd -f conf/first.conf -DFOREGROUND
           ├─1962 /usr/sbin/httpd -f conf/first.conf -DFOREGROUND
           └─1963 /usr/sbin/httpd -f conf/first.conf -DFOREGROUND

Sep 10 08:43:21 localhost.localdomain systemd[1]: Starting The Apache HTTP Server...
Sep 10 08:43:21 localhost.localdomain httpd[1958]: AH00558: httpd: Could not reliably determine the server's fully qualifie...essage
Sep 10 08:43:21 localhost.localdomain systemd[1]: Started The Apache HTTP Server.
Hint: Some lines were ellipsized, use -l to show in full.
[root@localhost sysconfig]# systemctl status httpd@second
● httpd@second.service - The Apache HTTP Server
   Loaded: loaded (/etc/systemd/system/httpd@.service; disabled; vendor preset: disabled)
   Active: active (running) since Sat 2022-09-10 08:43:08 UTC; 15min ago
     Docs: man:httpd(8)
           man:apachectl(8)
 Main PID: 1938 (httpd)
   Status: "Total requests: 0; Current requests/sec: 0; Current traffic:   0 B/sec"
   CGroup: /system.slice/system-httpd.slice/httpd@second.service
           ├─1938 /usr/sbin/httpd -f conf/second.conf -DFOREGROUND
           ├─1939 /usr/sbin/httpd -f conf/second.conf -DFOREGROUND
           ├─1940 /usr/sbin/httpd -f conf/second.conf -DFOREGROUND
           ├─1941 /usr/sbin/httpd -f conf/second.conf -DFOREGROUND
           ├─1942 /usr/sbin/httpd -f conf/second.conf -DFOREGROUND
           └─1943 /usr/sbin/httpd -f conf/second.conf -DFOREGROUND

Sep 10 08:43:08 localhost.localdomain systemd[1]: Starting The Apache HTTP Server...
Sep 10 08:43:08 localhost.localdomain httpd[1938]: AH00558: httpd: Could not reliably determine the server's fully qualifie...essage
Sep 10 08:43:08 localhost.localdomain systemd[1]: Started The Apache HTTP Server.
Hint: Some lines were ellipsized, use -l to show in full.
[root@localhost sysconfig]#